Component: ARM Compiler 5.06 update 5 (build 528) Tool: armlink [4d35e2]

==============================================================================

Section Cross References

    startup_stm32f103xb.o(RESET) refers to startup_stm32f103xb.o(STACK) for __initial_sp
    startup_stm32f103xb.o(RESET) refers to startup_stm32f103xb.o(.text) for Reset_Handler
    startup_stm32f103xb.o(RESET) refers to stm32f1xx_it.o(i.NMI_Handler) for NMI_Handler
    startup_stm32f103xb.o(RESET) refers to stm32f1xx_it.o(i.HardFault_Handler) for HardFault_Handler
    startup_stm32f103xb.o(RESET) refers to stm32f1xx_it.o(i.MemManage_Handler) for MemManage_Handler
    startup_stm32f103xb.o(RESET) refers to stm32f1xx_it.o(i.BusFault_Handler) for BusFault_Handler
    startup_stm32f103xb.o(RESET) refers to stm32f1xx_it.o(i.UsageFault_Handler) for UsageFault_Handler
    startup_stm32f103xb.o(RESET) refers to stm32f1xx_it.o(i.SVC_Handler) for SVC_Handler
    startup_stm32f103xb.o(RESET) refers to stm32f1xx_it.o(i.DebugMon_Handler) for DebugMon_Handler
    startup_stm32f103xb.o(RESET) refers to stm32f1xx_it.o(i.PendSV_Handler) for PendSV_Handler
    startup_stm32f103xb.o(RESET) refers to stm32f1xx_it.o(i.SysTick_Handler) for SysTick_Handler
    startup_stm32f103xb.o(RESET) refers to stm32f1xx_it.o(i.USB_LP_CAN1_RX0_IRQHandler) for USB_LP_CAN1_RX0_IRQHandler
    startup_stm32f103xb.o(RESET) refers to stm32f1xx_it.o(i.TIM1_UP_IRQHandler) for TIM1_UP_IRQHandler
    startup_stm32f103xb.o(RESET) refers to stm32f1xx_it.o(i.USART1_IRQHandler) for USART1_IRQHandler
    startup_stm32f103xb.o(RESET) refers to stm32f1xx_it.o(i.USART2_IRQHandler) for USART2_IRQHandler
    startup_stm32f103xb.o(.text) refers to system_stm32f1xx.o(i.SystemInit) for SystemInit
    startup_stm32f103xb.o(.text) refers to entry.o(.ARM.Collect$$$$00000000) for __main
    fonts.o(.data) refers to fonts.o(.constdata) for Font7x10
    fonts.o(.data) refers to fonts.o(.constdata) for Font11x18
    fonts.o(.data) refers to fonts.o(.constdata) for Font16x26
    st7735.o(i.ST7735_DrawImage) refers to st7735.o(i.ST7735_Select) for ST7735_Select
    st7735.o(i.ST7735_DrawImage) refers to st7735.o(i.ST7735_SetAddressWindow) for ST7735_SetAddressWindow
    st7735.o(i.ST7735_DrawImage) refers to st7735.o(i.ST7735_WriteData) for ST7735_WriteData
    st7735.o(i.ST7735_DrawImage) refers to st7735.o(i.ST7735_Unselect) for ST7735_Unselect
    st7735.o(i.ST7735_DrawPixel) refers to st7735.o(i.ST7735_Select) for ST7735_Select
    st7735.o(i.ST7735_DrawPixel) refers to st7735.o(i.ST7735_SetAddressWindow) for ST7735_SetAddressWindow
    st7735.o(i.ST7735_DrawPixel) refers to st7735.o(i.ST7735_WriteData) for ST7735_WriteData
    st7735.o(i.ST7735_DrawPixel) refers to st7735.o(i.ST7735_Unselect) for ST7735_Unselect
    st7735.o(i.ST7735_ExecuteCommandList) refers to st7735.o(i.ST7735_WriteCommand) for ST7735_WriteCommand
    st7735.o(i.ST7735_ExecuteCommandList) refers to st7735.o(i.ST7735_WriteData) for ST7735_WriteData
    st7735.o(i.ST7735_ExecuteCommandList) refers to stm32f1xx_hal.o(i.HAL_Delay) for HAL_Delay
    st7735.o(i.ST7735_FillRectangle) refers to st7735.o(i.ST7735_Select) for ST7735_Select
    st7735.o(i.ST7735_FillRectangle) refers to st7735.o(i.ST7735_SetAddressWindow) for ST7735_SetAddressWindow
    st7735.o(i.ST7735_FillRectangle) refers to stm32f1xx_hal_gpio.o(i.HAL_GPIO_WritePin) for HAL_GPIO_WritePin
    st7735.o(i.ST7735_FillRectangle) refers to stm32f1xx_hal_spi.o(i.HAL_SPI_Transmit) for HAL_SPI_Transmit
    st7735.o(i.ST7735_FillRectangle) refers to st7735.o(i.ST7735_Unselect) for ST7735_Unselect
    st7735.o(i.ST7735_FillRectangle) refers to spi.o(.bss) for hspi2
    st7735.o(i.ST7735_FillScreen) refers to st7735.o(i.ST7735_FillRectangle) for ST7735_FillRectangle
    st7735.o(i.ST7735_Init) refers to st7735.o(i.ST7735_Select) for ST7735_Select
    st7735.o(i.ST7735_Init) refers to stm32f1xx_hal_gpio.o(i.HAL_GPIO_WritePin) for HAL_GPIO_WritePin
    st7735.o(i.ST7735_Init) refers to stm32f1xx_hal.o(i.HAL_Delay) for HAL_Delay
    st7735.o(i.ST7735_Init) refers to st7735.o(i.ST7735_ExecuteCommandList) for ST7735_ExecuteCommandList
    st7735.o(i.ST7735_Init) refers to st7735.o(i.ST7735_Unselect) for ST7735_Unselect
    st7735.o(i.ST7735_Init) refers to st7735.o(.constdata) for .constdata
    st7735.o(i.ST7735_InvertColors) refers to st7735.o(i.ST7735_Select) for ST7735_Select
    st7735.o(i.ST7735_InvertColors) refers to st7735.o(i.ST7735_WriteCommand) for ST7735_WriteCommand
    st7735.o(i.ST7735_InvertColors) refers to st7735.o(i.ST7735_Unselect) for ST7735_Unselect
    st7735.o(i.ST7735_Select) refers to stm32f1xx_hal_gpio.o(i.HAL_GPIO_WritePin) for HAL_GPIO_WritePin
    st7735.o(i.ST7735_SetAddressWindow) refers to st7735.o(i.ST7735_WriteCommand) for ST7735_WriteCommand
    st7735.o(i.ST7735_SetAddressWindow) refers to st7735.o(i.ST7735_WriteData) for ST7735_WriteData
[...]
    i.HAL_UART_Receive_IT                    0x080017ac   Section        0  stm32f1xx_hal_uart.o(i.HAL_UART_Receive_IT)
    i.HAL_UART_RxCpltCallback                0x080017fe   Section        0  stm32f1xx_hal_uart.o(i.HAL_UART_RxCpltCallback)
    i.HAL_UART_TxCpltCallback                0x08001800   Section        0  stm32f1xx_hal_uart.o(i.HAL_UART_TxCpltCallback)
    i.HardFault_Handler                      0x08001802   Section        0  stm32f1xx_it.o(i.HardFault_Handler)
    i.MSC_BOT_Abort                          0x08001804   Section        0  usbd_msc_bot.o(i.MSC_BOT_Abort)
    MSC_BOT_Abort                            0x08001805   Thumb Code    66  usbd_msc_bot.o(i.MSC_BOT_Abort)
    i.MSC_BOT_CBW_Decode                     0x08001848   Section        0  usbd_msc_bot.o(i.MSC_BOT_CBW_Decode)
    MSC_BOT_CBW_Decode                       0x08001849   Thumb Code   198  usbd_msc_bot.o(i.MSC_BOT_CBW_Decode)
    i.MSC_BOT_CplClrFeature                  0x08001914   Section        0  usbd_msc_bot.o(i.MSC_BOT_CplClrFeature)
    i.MSC_BOT_DataIn                         0x0800193e   Section        0  usbd_msc_bot.o(i.MSC_BOT_DataIn)
    i.MSC_BOT_DataOut                        0x08001978   Section        0  usbd_msc_bot.o(i.MSC_BOT_DataOut)
    i.MSC_BOT_DeInit                         0x080019b2   Section        0  usbd_msc_bot.o(i.MSC_BOT_DeInit)
    i.MSC_BOT_Init                           0x080019bc   Section        0  usbd_msc_bot.o(i.MSC_BOT_Init)
    i.MSC_BOT_Reset                          0x080019fe   Section        0  usbd_msc_bot.o(i.MSC_BOT_Reset)
    i.MSC_BOT_SendCSW                        0x08001a14   Section        0  usbd_msc_bot.o(i.MSC_BOT_SendCSW)
    i.MX_FATFS_Init                          0x08001a50   Section        0  fatfs.o(i.MX_FATFS_Init)
    i.MX_GPIO_Init                           0x08001a6c   Section        0  gpio.o(i.MX_GPIO_Init)
    i.MX_SPI2_Init                           0x08001b50   Section        0  spi.o(i.MX_SPI2_Init)
    i.MX_USART1_UART_Init                    0x08001b98   Section        0  usart.o(i.MX_USART1_UART_Init)
    i.MX_USART2_UART_Init                    0x08001bd0   Section        0  usart.o(i.MX_USART2_UART_Init)
    i.MX_USB_DEVICE_Init                     0x08001c08   Section        0  usb_device.o(i.MX_USB_DEVICE_Init)
    i.MemManage_Handler                      0x08001c40   Section        0  stm32f1xx_it.o(i.MemManage_Handler)
    i.NMI_Handler                            0x08001c42   Section        0  stm32f1xx_it.o(i.NMI_Handler)
    i.NVIC_SetPriority                       0x08001c44   Section        0  stm32f1xx_hal_cortex.o(i.NVIC_SetPriority)
    NVIC_SetPriority                         0x08001c45   Thumb Code    32  stm32f1xx_hal_cortex.o(i.NVIC_SetPriority)
    i.PCD_EP_ISR_Handler                     0x08001c64   Section        0  stm32f1xx_hal_pcd.o(i.PCD_EP_ISR_Handler)
    PCD_EP_ISR_Handler                       0x08001c65   Thumb Code   866  stm32f1xx_hal_pcd.o(i.PCD_EP_ISR_Handler)
    i.PendSV_Handler                         0x08001fc6   Section        0  stm32f1xx_it.o(i.PendSV_Handler)
    i.SCSI_CheckAddressRange                 0x08001fc8   Section        0  usbd_msc_scsi.o(i.SCSI_CheckAddressRange)
    SCSI_CheckAddressRange                   0x08001fc9   Thumb Code    34  usbd_msc_scsi.o(i.SCSI_CheckAddressRange)
    i.SCSI_ProcessCmd                        0x08001fec   Section        0  usbd_msc_scsi.o(i.SCSI_ProcessCmd)
    i.SCSI_ProcessRead                       0x080021b8   Section        0  usbd_msc_scsi.o(i.SCSI_ProcessRead)
    SCSI_ProcessRead                         0x080021b9   Thumb Code   140  usbd_msc_scsi.o(i.SCSI_ProcessRead)
    i.SCSI_ProcessWrite                      0x08002244   Section        0  usbd_msc_scsi.o(i.SCSI_ProcessWrite)
    SCSI_ProcessWrite                        0x08002245   Thumb Code   152  usbd_msc_scsi.o(i.SCSI_ProcessWrite)
    i.SCSI_Read10                            0x080022dc   Section        0  usbd_msc_scsi.o(i.SCSI_Read10)
    SCSI_Read10                              0x080022dd   Thumb Code   170  usbd_msc_scsi.o(i.SCSI_Read10)
    i.SCSI_ReadCapacity10                    0x08002386   Section        0  usbd_msc_scsi.o(i.SCSI_ReadCapacity10)
    SCSI_ReadCapacity10                      0x08002387   Thumb Code    86  usbd_msc_scsi.o(i.SCSI_ReadCapacity10)
    i.SCSI_ReadFormatCapacity                0x080023dc   Section        0  usbd_msc_scsi.o(i.SCSI_ReadFormatCapacity)
    SCSI_ReadFormatCapacity                  0x080023dd   Thumb Code   110  usbd_msc_scsi.o(i.SCSI_ReadFormatCapacity)
    i.SCSI_SenseCode                         0x0800244a   Section        0  usbd_msc_scsi.o(i.SCSI_SenseCode)
    i.SCSI_Write10                           0x08002480   Section        0  usbd_msc_scsi.o(i.SCSI_Write10)
    SCSI_Write10                             0x08002481   Thumb Code   202  usbd_msc_scsi.o(i.SCSI_Write10)
    i.SPI_CheckFlag_BSY                      0x0800254a   Section        0  stm32f1xx_hal_spi.o(i.SPI_CheckFlag_BSY)
    SPI_CheckFlag_BSY                        0x0800254b   Thumb Code    32  stm32f1xx_hal_spi.o(i.SPI_CheckFlag_BSY)
    i.SPI_WaitFlagStateUntilTimeout          0x0800256a   Section        0  stm32f1xx_hal_spi.o(i.SPI_WaitFlagStateUntilTimeout)
    SPI_WaitFlagStateUntilTimeout            0x0800256b   Thumb Code   150  stm32f1xx_hal_spi.o(i.SPI_WaitFlagStateUntilTimeout)
    i.ST7735_DrawPixel                       0x08002600   Section        0  st7735.o(i.ST7735_DrawPixel)
    i.ST7735_ExecuteCommandList              0x0800263c   Section        0  st7735.o(i.ST7735_ExecuteCommandList)
    ST7735_ExecuteCommandList                0x0800263d   Thumb Code    76  st7735.o(i.ST7735_ExecuteCommandList)
    i.ST7735_FillRectangle                   0x08002688   Section        0  st7735.o(i.ST7735_FillRectangle)
    i.ST7735_FillScreen                      0x08002720   Section        0  st7735.o(i.ST7735_FillScreen)
    i.ST7735_Init                            0x08002734   Section        0  st7735.o(i.ST7735_Init)
    i.ST7735_Select                          0x0800277c   Section        0  st7735.o(i.ST7735_Select)
    ST7735_Select                            0x0800277d   Thumb Code    10  st7735.o(i.ST7735_Select)
    i.ST7735_SetAddressWindow                0x0800278c   Section        0  st7735.o(i.ST7735_SetAddressWindow)
    ST7735_SetAddressWindow                  0x0800278d   Thumb Code    66  st7735.o(i.ST7735_SetAddressWindow)
    i.ST7735_Unselect                        0x080027d0   Section        0  st7735.o(i.ST7735_Unselect)
    i.ST7735_WriteChar                       0x080027e0   Section        0  st7735.o(i.ST7735_WriteChar)
    ST7735_WriteChar                         0x080027e1   Thumb Code   144  st7735.o(i.ST7735_WriteChar)
    i.ST7735_WriteCommand                    0x08002870   Section        0  st7735.o(i.ST7735_WriteCommand)
    ST7735_WriteCommand                      0x08002871   Thumb Code    28  st7735.o(i.ST7735_WriteCommand)
    i.ST7735_WriteData                       0x08002894   Section        0  st7735.o(i.ST7735_WriteData)
    ST7735_WriteData                         0x08002895   Thumb Code    34  st7735.o(i.ST7735_WriteData)
    i.ST7735_WriteString                     0x080028c0   Section        0  st7735.o(i.ST7735_WriteString)
    i.STORAGE_GetCapacity_FS                 0x0800291e   Section        0  usbd_storage_if.o(i.STORAGE_GetCapacity_FS)
    STORAGE_GetCapacity_FS                   0x0800291f   Thumb Code    14  usbd_storage_if.o(i.STORAGE_GetCapacity_FS)
    i.STORAGE_GetMaxLun_FS                   0x0800292c   Section        0  usbd_storage_if.o(i.STORAGE_GetMaxLun_FS)
    STORAGE_GetMaxLun_FS                     0x0800292d   Thumb Code     4  usbd_storage_if.o(i.STORAGE_GetMaxLun_FS)
    i.STORAGE_Init_FS                        0x08002930   Section        0  usbd_storage_if.o(i.STORAGE_Init_FS)
    STORAGE_Init_FS                          0x08002931   Thumb Code     4  usbd_storage_if.o(i.STORAGE_Init_FS)
    i.STORAGE_IsReady_FS                     0x08002934   Section        0  usbd_storage_if.o(i.STORAGE_IsReady_FS)
    STORAGE_IsReady_FS                       0x08002935   Thumb Code     4  usbd_storage_if.o(i.STORAGE_IsReady_FS)
    i.STORAGE_IsWriteProtected_FS            0x08002938   Section        0  usbd_storage_if.o(i.STORAGE_IsWriteProtected_FS)
    STORAGE_IsWriteProtected_FS              0x08002939   Thumb Code     4  usbd_storage_if.o(i.STORAGE_IsWriteProtected_FS)
    i.STORAGE_Read_FS                        0x0800293c   Section        0  usbd_storage_if.o(i.STORAGE_Read_FS)
    STORAGE_Read_FS                          0x0800293d   Thumb Code     4  usbd_storage_if.o(i.STORAGE_Read_FS)
    i.STORAGE_Write_FS                       0x08002940   Section        0  usbd_storage_if.o(i.STORAGE_Write_FS)
    STORAGE_Write_FS                         0x08002941   Thumb Code     4  usbd_storage_if.o(i.STORAGE_Write_FS)
    i.SVC_Handler                            0x08002944   Section        0  stm32f1xx_it.o(i.SVC_Handler)
    i.SysTick_Handler                        0x08002946   Section        0  stm32f1xx_it.o(i.SysTick_Handler)
    i.SystemClock_Config                     0x08002948   Section        0  main.o(i.SystemClock_Config)
    i.SystemInit                             0x080029a8   Section        0  system_stm32f1xx.o(i.SystemInit)
    i.TIM1_UP_IRQHandler                     0x080029f0   Section        0  stm32f1xx_it.o(i.TIM1_UP_IRQHandler)
    i.TIM_Base_SetConfig                     0x080029fc   Section        0  stm32f1xx_hal_tim.o(i.TIM_Base_SetConfig)
    i.UART_DMAAbortOnError                   0x08002a68   Section        0  stm32f1xx_hal_uart.o(i.UART_DMAAbortOnError)
    UART_DMAAbortOnError                     0x08002a69   Thumb Code    16  stm32f1xx_hal_uart.o(i.UART_DMAAbortOnError)
    i.UART_EndRxTransfer                     0x08002a78   Section        0  stm32f1xx_hal_uart.o(i.UART_EndRxTransfer)
    UART_EndRxTransfer                       0x08002a79   Thumb Code    28  stm32f1xx_hal_uart.o(i.UART_EndRxTransfer)
    i.UART_Receive_IT                        0x08002a94   Section        0  stm32f1xx_hal_uart.o(i.UART_Receive_IT)
    UART_Receive_IT                          0x08002a95   Thumb Code   150  stm32f1xx_hal_uart.o(i.UART_Receive_IT)
    i.UART_SetConfig                         0x08002b2c   Section        0  stm32f1xx_hal_uart.o(i.UART_SetConfig)
    UART_SetConfig                           0x08002b2d   Thumb Code   364  stm32f1xx_hal_uart.o(i.UART_SetConfig)
    i.UART_Transmit_IT                       0x08002c9c   Section        0  stm32f1xx_hal_uart.o(i.UART_Transmit_IT)
    UART_Transmit_IT                         0x08002c9d   Thumb Code    98  stm32f1xx_hal_uart.o(i.UART_Transmit_IT)
    i.USART1_IRQHandler                      0x08002d00   Section        0  stm32f1xx_it.o(i.USART1_IRQHandler)
    i.USART2_IRQHandler                      0x08002d18   Section        0  stm32f1xx_it.o(i.USART2_IRQHandler)
    i.USBD_ClrClassConfig                    0x08002d30   Section        0  usbd_core.o(i.USBD_ClrClassConfig)
    i.USBD_CtlContinueRx                     0x08002d3e   Section        0  usbd_ioreq.o(i.USBD_CtlContinueRx)
    i.USBD_CtlContinueSendData               0x08002d4e   Section        0  usbd_ioreq.o(i.USBD_CtlContinueSendData)
    i.USBD_CtlError                          0x08002d5e   Section        0  usbd_ctlreq.o(i.USBD_CtlError)
    i.USBD_CtlReceiveStatus                  0x08002d74   Section        0  usbd_ioreq.o(i.USBD_CtlReceiveStatus)
    i.USBD_CtlSendData                       0x08002d8a   Section        0  usbd_ioreq.o(i.USBD_CtlSendData)
    i.USBD_CtlSendStatus                     0x08002da4   Section        0  usbd_ioreq.o(i.USBD_CtlSendStatus)
    i.USBD_FS_ConfigStrDescriptor            0x08002dbc   Section        0  usbd_desc.o(i.USBD_FS_ConfigStrDescriptor)
    i.USBD_FS_DeviceDescriptor               0x08002ddc   Section        0  usbd_desc.o(i.USBD_FS_DeviceDescriptor)
    i.USBD_FS_InterfaceStrDescriptor         0x08002de8   Section        0  usbd_desc.o(i.USBD_FS_InterfaceStrDescriptor)
    i.USBD_FS_LangIDStrDescriptor            0x08002e0c   Section        0  usbd_desc.o(i.USBD_FS_LangIDStrDescriptor)
    i.USBD_FS_ManufacturerStrDescriptor      0x08002e18   Section        0  usbd_desc.o(i.USBD_FS_ManufacturerStrDescriptor)
    i.USBD_FS_ProductStrDescriptor           0x08002e40   Section        0  usbd_desc.o(i.USBD_FS_ProductStrDescriptor)
    i.USBD_FS_SerialStrDescriptor            0x08002e68   Section        0  usbd_desc.o(i.USBD_FS_SerialStrDescriptor)
    i.USBD_GetDescriptor                     0x08002e8c   Section        0  usbd_ctlreq.o(i.USBD_GetDescriptor)
    USBD_GetDescriptor                       0x08002e8d   Thumb Code   224  usbd_ctlreq.o(i.USBD_GetDescriptor)
    i.USBD_GetString                         0x08002f6c   Section        0  usbd_ctlreq.o(i.USBD_GetString)
    i.USBD_Init                              0x08002fb2   Section        0  usbd_core.o(i.USBD_Init)
    i.USBD_LL_ClearStallEP                   0x08002fdc   Section        0  usbd_conf.o(i.USBD_LL_ClearStallEP)
    i.USBD_LL_CloseEP                        0x08002ffc   Section        0  usbd_conf.o(i.USBD_LL_CloseEP)
    i.USBD_LL_DataInStage                    0x0800301c   Section        0  usbd_core.o(i.USBD_LL_DataInStage)
    i.USBD_LL_DataOutStage                   0x080030c6   Section        0  usbd_core.o(i.USBD_LL_DataOutStage)
    i.USBD_LL_FlushEP                        0x08003130   Section        0  usbd_conf.o(i.USBD_LL_FlushEP)
    i.USBD_LL_GetRxDataSize                  0x08003150   Section        0  usbd_conf.o(i.USBD_LL_GetRxDataSize)
    i.USBD_LL_Init                           0x08003158   Section        0  usbd_conf.o(i.USBD_LL_Init)
    i.USBD_LL_IsStallEP                      0x080031cc   Section        0  usbd_conf.o(i.USBD_LL_IsStallEP)
    i.USBD_LL_OpenEP                         0x080031e8   Section        0  usbd_conf.o(i.USBD_LL_OpenEP)
    i.USBD_LL_PrepareReceive                 0x0800320e   Section        0  usbd_conf.o(i.USBD_LL_PrepareReceive)
    i.USBD_LL_Reset                          0x0800322e   Section        0  usbd_core.o(i.USBD_LL_Reset)
    i.USBD_LL_Resume                         0x0800326c   Section        0  usbd_core.o(i.USBD_LL_Resume)
    i.USBD_LL_SOF                            0x08003278   Section        0  usbd_core.o(i.USBD_LL_SOF)
    i.USBD_LL_SetSpeed                       0x08003290   Section        0  usbd_core.o(i.USBD_LL_SetSpeed)
    i.USBD_LL_SetUSBAddress                  0x08003296   Section        0  usbd_conf.o(i.USBD_LL_SetUSBAddress)
    i.USBD_LL_SetupStage                     0x080032b6   Section        0  usbd_core.o(i.USBD_LL_SetupStage)
    i.USBD_LL_StallEP                        0x08003310   Section        0  usbd_conf.o(i.USBD_LL_StallEP)
    i.USBD_LL_Start                          0x08003330   Section        0  usbd_conf.o(i.USBD_LL_Start)
    i.USBD_LL_Suspend                        0x08003350   Section        0  usbd_core.o(i.USBD_LL_Suspend)
    i.USBD_LL_Transmit                       0x08003362   Section        0  usbd_conf.o(i.USBD_LL_Transmit)
    i.USBD_MSC_DataIn                        0x08003382   Section        0  usbd_msc.o(i.USBD_MSC_DataIn)
    i.USBD_MSC_DataOut                       0x0800338c   Section        0  usbd_msc.o(i.USBD_MSC_DataOut)
    i.USBD_MSC_DeInit                        0x08003396   Section        0  usbd_msc.o(i.USBD_MSC_DeInit)
    i.USBD_MSC_GetDeviceQualifierDescriptor  0x080033c4   Section        0  usbd_msc.o(i.USBD_MSC_GetDeviceQualifierDescriptor)
    i.USBD_MSC_GetFSCfgDesc                  0x080033d0   Section        0  usbd_msc.o(i.USBD_MSC_GetFSCfgDesc)
    i.USBD_MSC_GetHSCfgDesc                  0x080033dc   Section        0  usbd_msc.o(i.USBD_MSC_GetHSCfgDesc)
    i.USBD_MSC_GetOtherSpeedCfgDesc          0x080033e8   Section        0  usbd_msc.o(i.USBD_MSC_GetOtherSpeedCfgDesc)
    i.USBD_MSC_Init                          0x080033f4   Section        0  usbd_msc.o(i.USBD_MSC_Init)
    i.USBD_MSC_RegisterStorage               0x08003446   Section        0  usbd_msc.o(i.USBD_MSC_RegisterStorage)
    i.USBD_MSC_Setup                         0x08003450   Section        0  usbd_msc.o(i.USBD_MSC_Setup)
    i.USBD_ParseSetupRequest                 0x08003512   Section        0  usbd_ctlreq.o(i.USBD_ParseSetupRequest)
    i.USBD_RegisterClass                     0x0800353a   Section        0  usbd_core.o(i.USBD_RegisterClass)
    i.USBD_SetClassConfig                    0x0800354a   Section        0  usbd_core.o(i.USBD_SetClassConfig)
    i.USBD_SetConfig                         0x08003560   Section        0  usbd_ctlreq.o(i.USBD_SetConfig)
    USBD_SetConfig                           0x08003561   Thumb Code   110  usbd_ctlreq.o(i.USBD_SetConfig)
    i.USBD_Start                             0x080035d4   Section        0  usbd_core.o(i.USBD_Start)
    i.USBD_StdDevReq                         0x080035de   Section        0  usbd_ctlreq.o(i.USBD_StdDevReq)
    i.USBD_StdEPReq                          0x080036d0   Section        0  usbd_ctlreq.o(i.USBD_StdEPReq)
    i.USBD_StdItfReq                         0x080037ac   Section        0  usbd_ctlreq.o(i.USBD_StdItfReq)
    i.USBD_static_free                       0x080037e0   Section        0  usbd_conf.o(i.USBD_static_free)
    i.USBD_static_malloc                     0x080037e4   Section        0  usbd_conf.o(i.USBD_static_malloc)
    i.USB_ActivateEndpoint                   0x080037ec   Section        0  stm32f1xx_ll_usb.o(i.USB_ActivateEndpoint)
    i.USB_CoreInit                           0x08003a48   Section        0  stm32f1xx_ll_usb.o(i.USB_CoreInit)
    i.USB_DeactivateEndpoint                 0x08003a4c   Section        0  stm32f1xx_ll_usb.o(i.USB_DeactivateEndpoint)
    i.USB_DevConnect                         0x08003b70   Section        0  stm32f1xx_ll_usb.o(i.USB_DevConnect)
    i.USB_DevDisconnect                      0x08003b74   Section        0  stm32f1xx_ll_usb.o(i.USB_DevDisconnect)
    i.USB_DevInit                            0x08003b78   Section        0  stm32f1xx_ll_usb.o(i.USB_DevInit)
    i.USB_DisableGlobalInt                   0x08003b96   Section        0  stm32f1xx_ll_usb.o(i.USB_DisableGlobalInt)
    i.USB_EP0_OutStart                       0x08003ba4   Section        0  stm32f1xx_ll_usb.o(i.USB_EP0_OutStart)
    i.USB_EPClearStall                       0x08003ba8   Section        0  stm32f1xx_ll_usb.o(i.USB_EPClearStall)
    i.USB_EPSetStall                         0x08003c12   Section        0  stm32f1xx_ll_usb.o(i.USB_EPSetStall)
    i.USB_EPStartXfer                        0x08003c5c   Section        0  stm32f1xx_ll_usb.o(i.USB_EPStartXfer)
    i.USB_EnableGlobalInt                    0x08003e06   Section        0  stm32f1xx_ll_usb.o(i.USB_EnableGlobalInt)
    i.USB_FlushRxFifo                        0x08003e14   Section        0  stm32f1xx_ll_usb.o(i.USB_FlushRxFifo)
    i.USB_FlushTxFifo                        0x08003e18   Section        0  stm32f1xx_ll_usb.o(i.USB_FlushTxFifo)
    i.USB_LP_CAN1_RX0_IRQHandler             0x08003e1c   Section        0  stm32f1xx_it.o(i.USB_LP_CAN1_RX0_IRQHandler)
    i.USB_ReadInterrupts                     0x08003e28   Section        0  stm32f1xx_ll_usb.o(i.USB_ReadInterrupts)
    i.USB_ReadPMA                            0x08003e30   Section        0  stm32f1xx_ll_usb.o(i.USB_ReadPMA)
    i.USB_SetCurrentMode                     0x08003e4e   Section        0  stm32f1xx_ll_usb.o(i.USB_SetCurrentMode)
    i.USB_SetDevAddress                      0x08003e52   Section        0  stm32f1xx_ll_usb.o(i.USB_SetDevAddress)
    i.USB_WritePMA                           0x08003e5e   Section        0  stm32f1xx_ll_usb.o(i.USB_WritePMA)
    i.USER_initialize                        0x08003e84   Section        0  user_diskio.o(i.USER_initialize)
    i.USER_ioctl                             0x08003e94   Section        0  user_diskio.o(i.USER_ioctl)
    i.USER_read                              0x08003e98   Section        0  user_diskio.o(i.USER_read)
    i.USER_status                            0x08003e9c   Section        0  user_diskio.o(i.USER_status)
    i.USER_write                             0x08003eac   Section        0  user_diskio.o(i.USER_write)
    i.UsageFault_Handler                     0x08003eb0   Section        0  stm32f1xx_it.o(i.UsageFault_Handler)
    i.__scatterload_copy                     0x08003eb2   Section       14  handlers.o(i.__scatterload_copy)
    i.__scatterload_null                     0x08003ec0   Section        2  handlers.o(i.__scatterload_null)
    i.__scatterload_zeroinit                 0x08003ec2   Section       14  handlers.o(i.__scatterload_zeroinit)
    i.init                                   0x08003ed0   Section        0  main.o(i.init)
    i.main                                   0x08003f44   Section        0  main.o(i.main)
    i.monitor                                0x08003fbc   Section        0  monitor.o(i.monitor)
    .constdata                               0x080044a0   Section     1900  fonts.o(.constdata)
    Font7x10                                 0x080044a0   Data        1900  fonts.o(.constdata)
    .constdata                               0x08004c0c   Section      115  st7735.o(.constdata)
    init_cmds1                               0x08004c0c   Data          59  st7735.o(.constdata)
    init_cmds2                               0x08004c47   Data          13  st7735.o(.constdata)
    init_cmds3                               0x08004c54   Data          43  st7735.o(.constdata)
    .constdata                               0x08004c7f   Section       36  usbd_storage_if.o(.constdata)
    .constdata                               0x08004ca3   Section       16  system_stm32f1xx.o(.constdata)
    .constdata                               0x08004cb3   Section        8  system_stm32f1xx.o(.constdata)
    .constdata                               0x08004cbb   Section        7  usbd_msc_data.o(.constdata)
    .constdata                               0x08004cc2   Section        8  usbd_msc_data.o(.constdata)
    .constdata                               0x08004cca   Section        8  usbd_msc_data.o(.constdata)
    .data                                    0x20000000   Section        8  fonts.o(.data)
    .data                                    0x20000008   Section       10  monitor.o(.data)
    .data                                    0x20000012   Section        2  main.o(.data)
    .data                                    0x20000014   Section        1  user_diskio.o(.data)
    Stat                                     0x20000014   Data           1  user_diskio.o(.data)
    .data                                    0x20000018   Section       20  user_diskio.o(.data)
    .data                                    0x2000002c   Section        5  fatfs.o(.data)
    .data                                    0x20000034   Section       28  usbd_desc.o(.data)
    .data                                    0x20000050   Section       22  usbd_desc.o(.data)
    .data                                    0x20000068   Section       32  usbd_storage_if.o(.data)
    .data                                    0x20000088   Section       12  stm32f1xx_hal.o(.data)
    .data                                    0x20000094   Section        4  system_stm32f1xx.o(.data)
    .data                                    0x20000098   Section        1  usbd_ctlreq.o(.data)
    cfgidx                                   0x20000098   Data           1  usbd_ctlreq.o(.data)
    .data                                    0x2000009c   Section       56  usbd_msc.o(.data)
    .data                                    0x200000d4   Section      106  usbd_msc.o(.data)
    .bss                                     0x20000140   Section      323  monitor.o(.bss)
    .bss                                     0x20000284   Section       88  spi.o(.bss)
    .bss                                     0x200002dc   Section      128  usart.o(.bss)
    .bss                                     0x2000035c   Section      548  usb_device.o(.bss)
    .bss                                     0x20000580   Section     1744  usbd_conf.o(.bss)
    mem                                      0x20000580   Data         624  usbd_conf.o(.bss)
    .bss                                     0x20000c50   Section      512  usbd_desc.o(.bss)
    .bss                                     0x20000e50   Section       64  stm32f1xx_hal_timebase_tim.o(.bss)
    .bss                                     0x20000e90   Section       12  ff_gen_drv.o(.bss)
    STACK                                    0x20000ea0   Section     2048  startup_stm32f103xb.o(STACK)

    Global Symbols

    Symbol Name                              Value     Ov Type        Size  Object(Section)

    BuildAttributes$$THM_ISAv4$P$D$K$B$S$PE$A:L22UL41UL21$X:L11$S22US41US21$IEEE1$IW$USESV6$~STKCKD$USESV7$~SHL$OSPACE$EBA8$MICROLIB$REQ8$PRES8$EABIv2 0x00000000   Number         0  anon$$obj.o ABSOLUTE
    __ARM_use_no_argv                        0x00000000   Number         0  main.o ABSOLUTE
    __cpp_initialize__aeabi_                  - Undefined Weak Reference
    __cxa_finalize                            - Undefined Weak Reference
    _clock_init                               - Undefined Weak Reference
    _microlib_exit                            - Undefined Weak Reference
    __Vectors_Size                           0x000000ec   Number         0  startup_stm32f103xb.o ABSOLUTE
    __Vectors                                0x08000000   Data           4  startup_stm32f103xb.o(RESET)
    __Vectors_End                            0x080000ec   Data           0  startup_stm32f103xb.o(RESET)
    __main                                   0x080000ed   Thumb Code     0  entry.o(.ARM.Collect$$$$00000000)
    _main_stk                                0x080000ed   Thumb Code     0  entry2.o(.ARM.Collect$$$$00000001)
    _main_scatterload                        0x080000f1   Thumb Code     0  entry5.o(.ARM.Collect$$$$00000004)
    __main_after_scatterload                 0x080000f5   Thumb Code     0  entry5.o(.ARM.Collect$$$$00000004)
    _main_clock                              0x080000f5   Thumb Code     0  entry7b.o(.ARM.Collect$$$$00000008)
    _main_cpp_init                           0x080000f5   Thumb Code     0  entry8b.o(.ARM.Collect$$$$0000000A)
    _main_init                               0x080000f5   Thumb Code     0  entry9a.o(.ARM.Collect$$$$0000000B)
    __rt_final_cpp                           0x080000fd   Thumb Code     0  entry10a.o(.ARM.Collect$$$$0000000D)
    __rt_final_exit                          0x080000fd   Thumb Code     0  entry11a.o(.ARM.Collect$$$$0000000F)
    Reset_Handler                            0x08000101   Thumb Code     8  startup_stm32f103xb.o(.text)
    ADC1_2_IRQHandler                        0x0800011b   Thumb Code     0  startup_stm32f103xb.o(.text)
    CAN1_RX1_IRQHandler                      0x0800011b   Thumb Code     0  startup_stm32f103xb.o(.text)
    CAN1_SCE_IRQHandler                      0x0800011b   Thumb Code     0  startup_stm32f103xb.o(.text)
    DMA1_Channel1_IRQHandler                 0x0800011b   Thumb Code     0  startup_stm32f103xb.o(.text)
    DMA1_Channel2_IRQHandler                 0x0800011b   Thumb Code     0  startup_stm32f103xb.o(.text)
    DMA1_Channel3_IRQHandler                 0x0800011b   Thumb Code     0  startup_stm32f103xb.o(.text)
    DMA1_Channel4_IRQHandler                 0x0800011b   Thumb Code     0  startup_stm32f103xb.o(.text)
    DMA1_Channel5_IRQHandler                 0x0800011b   Thumb Code     0  startup_stm32f103xb.o(.text)
    DMA1_Channel6_IRQHandler                 0x0800011b   Thumb Code     0  startup_stm32f103xb.o(.text)
    DMA1_Channel7_IRQHandler                 0x0800011b   Thumb Code     0  startup_stm32f103xb.o(.text)
    EXTI0_IRQHandler                         0x0800011b   Thumb Code     0  startup_stm32f103xb.o(.text)
    EXTI15_10_IRQHandler                     0x0800011b   Thumb Code     0  startup_stm32f103xb.o(.text)
    EXTI1_IRQHandler                         0x0800011b   Thumb Code     0  startup_stm32f103xb.o(.text)
    EXTI2_IRQHandler                         0x0800011b   Thumb Code     0  startup_stm32f103xb.o(.text)
    EXTI3_IRQHandler                         0x0800011b   Thumb Code     0  startup_stm32f103xb.o(.text)
    EXTI4_IRQHandler                         0x0800011b   Thumb Code     0  startup_stm32f103xb.o(.text)
    EXTI9_5_IRQHandler                       0x0800011b   Thumb Code     0  startup_stm32f103xb.o(.text)
    FLASH_IRQHandler                         0x0800011b   Thumb Code     0  startup_stm32f103xb.o(.text)
    I2C1_ER_IRQHandler                       0x0800011b   Thumb Code     0  startup_stm32f103xb.o(.text)
    I2C1_EV_IRQHandler                       0x0800011b   Thumb Code     0  startup_stm32f103xb.o(.text)
    I2C2_ER_IRQHandler                       0x0800011b   Thumb Code     0  startup_stm32f103xb.o(.text)
    I2C2_EV_IRQHandler                       0x0800011b   Thumb Code     0  startup_stm32f103xb.o(.text)
    PVD_IRQHandler                           0x0800011b   Thumb Code     0  startup_stm32f103xb.o(.text)
    RCC_IRQHandler                           0x0800011b   Thumb Code     0  startup_stm32f103xb.o(.text)
    RTC_Alarm_IRQHandler                     0x0800011b   Thumb Code     0  startup_stm32f103xb.o(.text)
    RTC_IRQHandler                           0x0800011b   Thumb Code     0  startup_stm32f103xb.o(.text)
    SPI1_IRQHandler                          0x0800011b   Thumb Code     0  startup_stm32f103xb.o(.text)
    SPI2_IRQHandler                          0x0800011b   Thumb Code     0  startup_stm32f103xb.o(.text)
    TAMPER_IRQHandler                        0x0800011b   Thumb Code     0  startup_stm32f103xb.o(.text)
    TIM1_BRK_IRQHandler                      0x0800011b   Thumb Code     0  startup_stm32f103xb.o(.text)
    TIM1_CC_IRQHandler                       0x0800011b   Thumb Code     0  startup_stm32f103xb.o(.text)
    TIM1_TRG_COM_IRQHandler                  0x0800011b   Thumb Code     0  startup_stm32f103xb.o(.text)
    TIM2_IRQHandler                          0x0800011b   Thumb Code     0  startup_stm32f103xb.o(.text)
    TIM3_IRQHandler                          0x0800011b   Thumb Code     0  startup_stm32f103xb.o(.text)
    TIM4_IRQHandler                          0x0800011b   Thumb Code     0  startup_stm32f103xb.o(.text)
    USART3_IRQHandler                        0x0800011b   Thumb Code     0  startup_stm32f103xb.o(.text)
    USBWakeUp_IRQHandler                     0x0800011b   Thumb Code     0  startup_stm32f103xb.o(.text)
    USB_HP_CAN1_TX_IRQHandler                0x0800011b   Thumb Code     0  startup_stm32f103xb.o(.text)
    WWDG_IRQHandler                          0x0800011b   Thumb Code     0  startup_stm32f103xb.o(.text)
    __aeabi_memcpy                           0x08000125   Thumb Code    36  memcpya.o(.text)
    __aeabi_memcpy4                          0x08000125   Thumb Code     0  memcpya.o(.text)
    __aeabi_memcpy8                          0x08000125   Thumb Code     0  memcpya.o(.text)
    __aeabi_memset                           0x08000149   Thumb Code    14  memseta.o(.text)
    __aeabi_memset4                          0x08000149   Thumb Code     0  memseta.o(.text)
    __aeabi_memset8                          0x08000149   Thumb Code     0  memseta.o(.text)
    __aeabi_memclr                           0x08000157   Thumb Code     4  memseta.o(.text)
    __aeabi_memclr4                          0x08000157   Thumb Code     0  memseta.o(.text)
    __aeabi_memclr8                          0x08000157   Thumb Code     0  memseta.o(.text)
    _memset$wrapper                          0x0800015b   Thumb Code    18  memseta.o(.text)
    __scatterload                            0x0800016d   Thumb Code    28  init.o(.text)
    __scatterload_rt2                        0x0800016d   Thumb Code     0  init.o(.text)
    __decompress                             0x08000191   Thumb Code     0  __dczerorl2.o(.text)
    __decompress1                            0x08000191   Thumb Code    86  __dczerorl2.o(.text)
    BusFault_Handler                         0x080001e7   Thumb Code     2  stm32f1xx_it.o(i.BusFault_Handler)
    DebugMon_Handler                         0x080001e9   Thumb Code     2  stm32f1xx_it.o(i.DebugMon_Handler)
    Error_Handler                            0x080001eb   Thumb Code     2  main.o(i.Error_Handler)
    FATFS_LinkDriver                         0x080001ed   Thumb Code     6  ff_gen_drv.o(i.FATFS_LinkDriver)
    FATFS_LinkDriverEx                       0x080001f5   Thumb Code    60  ff_gen_drv.o(i.FATFS_LinkDriverEx)
    HAL_DMA_Abort_IT                         0x08000235   Thumb Code   148  stm32f1xx_hal_dma.o(i.HAL_DMA_Abort_IT)
    HAL_Delay                                0x080002cd   Thumb Code    32  stm32f1xx_hal.o(i.HAL_Delay)
    HAL_GPIO_Init                            0x080002f1   Thumb Code   408  stm32f1xx_hal_gpio.o(i.HAL_GPIO_Init)
    HAL_GPIO_WritePin                        0x080004ad   Thumb Code    10  stm32f1xx_hal_gpio.o(i.HAL_GPIO_WritePin)
    HAL_GetTick                              0x080004b9   Thumb Code     6  stm32f1xx_hal.o(i.HAL_GetTick)
    HAL_IncTick                              0x080004c5   Thumb Code    12  stm32f1xx_hal.o(i.HAL_IncTick)
    HAL_Init                                 0x080004d5   Thumb Code    32  stm32f1xx_hal.o(i.HAL_Init)
    HAL_InitTick                             0x080004f9   Thumb Code    98  stm32f1xx_hal_timebase_tim.o(i.HAL_InitTick)
    HAL_MspInit                              0x0800056d   Thumb Code    52  stm32f1xx_hal_msp.o(i.HAL_MspInit)
    HAL_NVIC_EnableIRQ                       0x080005a9   Thumb Code    22  stm32f1xx_hal_cortex.o(i.HAL_NVIC_EnableIRQ)
    HAL_NVIC_SetPriority                     0x080005c1   Thumb Code    60  stm32f1xx_hal_cortex.o(i.HAL_NVIC_SetPriority)
    HAL_NVIC_SetPriorityGrouping             0x08000601   Thumb Code    26  stm32f1xx_hal_cortex.o(i.HAL_NVIC_SetPriorityGrouping)
    HAL_PCDEx_PMAConfig                      0x08000625   Thumb Code    52  stm32f1xx_hal_pcd_ex.o(i.HAL_PCDEx_PMAConfig)
    HAL_PCDEx_SetConnectionState             0x08000659   Thumb Code     2  usbd_conf.o(i.HAL_PCDEx_SetConnectionState)
    HAL_PCD_DataInStageCallback              0x0800065b   Thumb Code    14  usbd_conf.o(i.HAL_PCD_DataInStageCallback)
    HAL_PCD_DataOutStageCallback             0x08000669   Thumb Code    16  usbd_conf.o(i.HAL_PCD_DataOutStageCallback)
    HAL_PCD_EP_Close                         0x08000679   Thumb Code    64  stm32f1xx_hal_pcd.o(i.HAL_PCD_EP_Close)
    HAL_PCD_EP_ClrStall                      0x080006b9   Thumb Code    72  stm32f1xx_hal_pcd.o(i.HAL_PCD_EP_ClrStall)
    HAL_PCD_EP_Flush                         0x08000701   Thumb Code    52  stm32f1xx_hal_pcd.o(i.HAL_PCD_EP_Flush)
    HAL_PCD_EP_GetRxCount                    0x08000735   Thumb Code    16  stm32f1xx_hal_pcd.o(i.HAL_PCD_EP_GetRxCount)
    HAL_PCD_EP_Open                          0x08000745   Thumb Code    68  stm32f1xx_hal_pcd.o(i.HAL_PCD_EP_Open)
    HAL_PCD_EP_Receive                       0x08000789   Thumb Code    46  stm32f1xx_hal_pcd.o(i.HAL_PCD_EP_Receive)
    HAL_PCD_EP_SetStall                      0x080007b7   Thumb Code    86  stm32f1xx_hal_pcd.o(i.HAL_PCD_EP_SetStall)
    HAL_PCD_EP_Transmit                      0x0800080d   Thumb Code    42  stm32f1xx_hal_pcd.o(i.HAL_PCD_EP_Transmit)
    HAL_PCD_IRQHandler                       0x08000837   Thumb Code   268  stm32f1xx_hal_pcd.o(i.HAL_PCD_IRQHandler)
    HAL_PCD_Init                             0x08000945   Thumb Code   192  stm32f1xx_hal_pcd.o(i.HAL_PCD_Init)
    HAL_PCD_MspInit                          0x08000a05   Thumb Code    50  usbd_conf.o(i.HAL_PCD_MspInit)
    HAL_PCD_ResetCallback                    0x08000a41   Thumb Code    26  usbd_conf.o(i.HAL_PCD_ResetCallback)
    HAL_PCD_ResumeCallback                   0x08000a5b   Thumb Code     8  usbd_conf.o(i.HAL_PCD_ResumeCallback)
    HAL_PCD_SOFCallback                      0x08000a63   Thumb Code     8  usbd_conf.o(i.HAL_PCD_SOFCallback)
    HAL_PCD_SetAddress                       0x08000a6b   Thumb Code    40  stm32f1xx_hal_pcd.o(i.HAL_PCD_SetAddress)
    HAL_PCD_SetupStageCallback               0x08000a93   Thumb Code    14  usbd_conf.o(i.HAL_PCD_SetupStageCallback)
    HAL_PCD_Start                            0x08000aa1   Thumb Code    50  stm32f1xx_hal_pcd.o(i.HAL_PCD_Start)
    HAL_PCD_SuspendCallback                  0x08000ad5   Thumb Code    30  usbd_conf.o(i.HAL_PCD_SuspendCallback)
    HAL_RCCEx_PeriphCLKConfig                0x08000af9   Thumb Code   224  stm32f1xx_hal_rcc_ex.o(i.HAL_RCCEx_PeriphCLKConfig)
    HAL_RCC_ClockConfig                      0x08000be5   Thumb Code   346  stm32f1xx_hal_rcc.o(i.HAL_RCC_ClockConfig)
    HAL_RCC_GetClockConfig                   0x08000d51   Thumb Code    54  stm32f1xx_hal_rcc.o(i.HAL_RCC_GetClockConfig)
    HAL_RCC_GetPCLK1Freq                     0x08000d91   Thumb Code    20  stm32f1xx_hal_rcc.o(i.HAL_RCC_GetPCLK1Freq)
    HAL_RCC_GetPCLK2Freq                     0x08000db1   Thumb Code    20  stm32f1xx_hal_rcc.o(i.HAL_RCC_GetPCLK2Freq)
    HAL_RCC_GetSysClockFreq                  0x08000dd1   Thumb Code    74  stm32f1xx_hal_rcc.o(i.HAL_RCC_GetSysClockFreq)
    HAL_RCC_OscConfig                        0x08000e3d   Thumb Code   750  stm32f1xx_hal_rcc.o(i.HAL_RCC_OscConfig)
    HAL_SPI_Init                             0x08001141   Thumb Code   130  stm32f1xx_hal_spi_ex.o(i.HAL_SPI_Init)
    HAL_SPI_MspInit                          0x080011c5   Thumb Code    82  spi.o(i.HAL_SPI_MspInit)
    HAL_SPI_Transmit                         0x08001225   Thumb Code   360  stm32f1xx_hal_spi.o(i.HAL_SPI_Transmit)
    HAL_TIMEx_BreakCallback                  0x0800138d   Thumb Code     2  stm32f1xx_hal_tim_ex.o(i.HAL_TIMEx_BreakCallback)
    HAL_TIMEx_CommutationCallback            0x0800138f   Thumb Code     2  stm32f1xx_hal_tim_ex.o(i.HAL_TIMEx_CommutationCallback)
    HAL_TIM_Base_Init                        0x08001391   Thumb Code    54  stm32f1xx_hal_tim.o(i.HAL_TIM_Base_Init)
    HAL_TIM_Base_MspInit                     0x080013c7   Thumb Code     2  stm32f1xx_hal_tim.o(i.HAL_TIM_Base_MspInit)
    HAL_TIM_Base_Start_IT                    0x080013c9   Thumb Code    24  stm32f1xx_hal_tim.o(i.HAL_TIM_Base_Start_IT)
    HAL_TIM_IC_CaptureCallback               0x080013e1   Thumb Code     2  stm32f1xx_hal_tim.o(i.HAL_TIM_IC_CaptureCallback)
    HAL_TIM_IRQHandler                       0x080013e3   Thumb Code   358  stm32f1xx_hal_tim.o(i.HAL_TIM_IRQHandler)
    HAL_TIM_OC_DelayElapsedCallback          0x08001549   Thumb Code     2  stm32f1xx_hal_tim.o(i.HAL_TIM_OC_DelayElapsedCallback)
    HAL_TIM_PWM_PulseFinishedCallback        0x0800154b   Thumb Code     2  stm32f1xx_hal_tim.o(i.HAL_TIM_PWM_PulseFinishedCallback)
    HAL_TIM_PeriodElapsedCallback            0x0800154d   Thumb Code    14  main.o(i.HAL_TIM_PeriodElapsedCallback)
    HAL_TIM_TriggerCallback                  0x08001561   Thumb Code     2  stm32f1xx_hal_tim.o(i.HAL_TIM_TriggerCallback)
    HAL_UART_ErrorCallback                   0x08001563   Thumb Code     2  stm32f1xx_hal_uart.o(i.HAL_UART_ErrorCallback)
    HAL_UART_IRQHandler                      0x08001565   Thumb Code   266  stm32f1xx_hal_uart.o(i.HAL_UART_IRQHandler)
    HAL_UART_Init                            0x08001675   Thumb Code    98  stm32f1xx_hal_uart.o(i.HAL_UART_Init)
    HAL_UART_MspInit                         0x080016d9   Thumb Code   196  usart.o(i.HAL_UART_MspInit)
    HAL_UART_Receive_IT                      0x080017ad   Thumb Code    82  stm32f1xx_hal_uart.o(i.HAL_UART_Receive_IT)
    HAL_UART_RxCpltCallback                  0x080017ff   Thumb Code     2  stm32f1xx_hal_uart.o(i.HAL_UART_RxCpltCallback)
    HAL_UART_TxCpltCallback                  0x08001801   Thumb Code     2  stm32f1xx_hal_uart.o(i.HAL_UART_TxCpltCallback)
    HardFault_Handler                        0x08001803   Thumb Code     2  stm32f1xx_it.o(i.HardFault_Handler)
    MSC_BOT_CplClrFeature                    0x08001915   Thumb Code    42  usbd_msc_bot.o(i.MSC_BOT_CplClrFeature)
    MSC_BOT_DataIn                           0x0800193f   Thumb Code    58  usbd_msc_bot.o(i.MSC_BOT_DataIn)
    MSC_BOT_DataOut                          0x08001979   Thumb Code    58  usbd_msc_bot.o(i.MSC_BOT_DataOut)
    MSC_BOT_DeInit                           0x080019b3   Thumb Code    10  usbd_msc_bot.o(i.MSC_BOT_DeInit)
    MSC_BOT_Init                             0x080019bd   Thumb Code    66  usbd_msc_bot.o(i.MSC_BOT_Init)
    MSC_BOT_Reset                            0x080019ff   Thumb Code    22  usbd_msc_bot.o(i.MSC_BOT_Reset)
    MSC_BOT_SendCSW                          0x08001a15   Thumb Code    54  usbd_msc_bot.o(i.MSC_BOT_SendCSW)
    MX_FATFS_Init                            0x08001a51   Thumb Code    18  fatfs.o(i.MX_FATFS_Init)
    MX_GPIO_Init                             0x08001a6d   Thumb Code   212  gpio.o(i.MX_GPIO_Init)
    MX_SPI2_Init                             0x08001b51   Thumb Code    64  spi.o(i.MX_SPI2_Init)
    MX_USART1_UART_Init                      0x08001b99   Thumb Code    48  usart.o(i.MX_USART1_UART_Init)
    MX_USART2_UART_Init                      0x08001bd1   Thumb Code    48  usart.o(i.MX_USART2_UART_Init)
    MX_USB_DEVICE_Init                       0x08001c09   Thumb Code    38  usb_device.o(i.MX_USB_DEVICE_Init)
    MemManage_Handler                        0x08001c41   Thumb Code     2  stm32f1xx_it.o(i.MemManage_Handler)
    NMI_Handler                              0x08001c43   Thumb Code     2  stm32f1xx_it.o(i.NMI_Handler)
    PendSV_Handler                           0x08001fc7   Thumb Code     2  stm32f1xx_it.o(i.PendSV_Handler)
    SCSI_ProcessCmd                          0x08001fed   Thumb Code   448  usbd_msc_scsi.o(i.SCSI_ProcessCmd)
    SCSI_SenseCode                           0x0800244b   Thumb Code    54  usbd_msc_scsi.o(i.SCSI_SenseCode)
    ST7735_DrawPixel                         0x08002601   Thumb Code    60  st7735.o(i.ST7735_DrawPixel)
    ST7735_FillRectangle                     0x08002689   Thumb Code   144  st7735.o(i.ST7735_FillRectangle)
    ST7735_FillScreen                        0x08002721   Thumb Code    18  st7735.o(i.ST7735_FillScreen)
    ST7735_Init                              0x08002735   Thumb Code    64  st7735.o(i.ST7735_Init)
    ST7735_Unselect                          0x080027d1   Thumb Code    10  st7735.o(i.ST7735_Unselect)
    ST7735_WriteString                       0x080028c1   Thumb Code    94  st7735.o(i.ST7735_WriteString)
    SVC_Handler                              0x08002945   Thumb Code     2  stm32f1xx_it.o(i.SVC_Handler)
    SysTick_Handler                          0x08002947   Thumb Code     2  stm32f1xx_it.o(i.SysTick_Handler)
    SystemClock_Config                       0x08002949   Thumb Code    96  main.o(i.SystemClock_Config)
    SystemInit                               0x080029a9   Thumb Code    56  system_stm32f1xx.o(i.SystemInit)
    TIM1_UP_IRQHandler                       0x080029f1   Thumb Code     6  stm32f1xx_it.o(i.TIM1_UP_IRQHandler)
    TIM_Base_SetConfig                       0x080029fd   Thumb Code    94  stm32f1xx_hal_tim.o(i.TIM_Base_SetConfig)
    USART1_IRQHandler                        0x08002d01   Thumb Code    18  stm32f1xx_it.o(i.USART1_IRQHandler)
    USART2_IRQHandler                        0x08002d19   Thumb Code    18  stm32f1xx_it.o(i.USART2_IRQHandler)
    USBD_ClrClassConfig                      0x08002d31   Thumb Code    14  usbd_core.o(i.USBD_ClrClassConfig)
    USBD_CtlContinueRx                       0x08002d3f   Thumb Code    16  usbd_ioreq.o(i.USBD_CtlContinueRx)
    USBD_CtlContinueSendData                 0x08002d4f   Thumb Code    16  usbd_ioreq.o(i.USBD_CtlContinueSendData)
    USBD_CtlError                            0x08002d5f   Thumb Code    22  usbd_ctlreq.o(i.USBD_CtlError)
    USBD_CtlReceiveStatus                    0x08002d75   Thumb Code    22  usbd_ioreq.o(i.USBD_CtlReceiveStatus)
    USBD_CtlSendData                         0x08002d8b   Thumb Code    26  usbd_ioreq.o(i.USBD_CtlSendData)
    USBD_CtlSendStatus                       0x08002da5   Thumb Code    22  usbd_ioreq.o(i.USBD_CtlSendStatus)
    USBD_FS_ConfigStrDescriptor              0x08002dbd   Thumb Code    16  usbd_desc.o(i.USBD_FS_ConfigStrDescriptor)
    USBD_FS_DeviceDescriptor                 0x08002ddd   Thumb Code     8  usbd_desc.o(i.USBD_FS_DeviceDescriptor)
    USBD_FS_InterfaceStrDescriptor           0x08002de9   Thumb Code    16  usbd_desc.o(i.USBD_FS_InterfaceStrDescriptor)
    USBD_FS_LangIDStrDescriptor              0x08002e0d   Thumb Code     8  usbd_desc.o(i.USBD_FS_LangIDStrDescriptor)
    USBD_FS_ManufacturerStrDescriptor        0x08002e19   Thumb Code    16  usbd_desc.o(i.USBD_FS_ManufacturerStrDescriptor)
    USBD_FS_ProductStrDescriptor             0x08002e41   Thumb Code    16  usbd_desc.o(i.USBD_FS_ProductStrDescriptor)
    USBD_FS_SerialStrDescriptor              0x08002e69   Thumb Code    16  usbd_desc.o(i.USBD_FS_SerialStrDescriptor)
    USBD_GetString                           0x08002f6d   Thumb Code    70  usbd_ctlreq.o(i.USBD_GetString)
    USBD_Init                                0x08002fb3   Thumb Code    42  usbd_core.o(i.USBD_Init)
    USBD_LL_ClearStallEP                     0x08002fdd   Thumb Code    32  usbd_conf.o(i.USBD_LL_ClearStallEP)
    USBD_LL_CloseEP                          0x08002ffd   Thumb Code    32  usbd_conf.o(i.USBD_LL_CloseEP)
    USBD_LL_DataInStage                      0x0800301d   Thumb Code   170  usbd_core.o(i.USBD_LL_DataInStage)
    USBD_LL_DataOutStage                     0x080030c7   Thumb Code   106  usbd_core.o(i.USBD_LL_DataOutStage)
    USBD_LL_FlushEP                          0x08003131   Thumb Code    32  usbd_conf.o(i.USBD_LL_FlushEP)
    USBD_LL_GetRxDataSize                    0x08003151   Thumb Code     8  usbd_conf.o(i.USBD_LL_GetRxDataSize)
    USBD_LL_Init                             0x08003159   Thumb Code   108  usbd_conf.o(i.USBD_LL_Init)
    USBD_LL_IsStallEP                        0x080031cd   Thumb Code    28  usbd_conf.o(i.USBD_LL_IsStallEP)
    USBD_LL_OpenEP                           0x080031e9   Thumb Code    38  usbd_conf.o(i.USBD_LL_OpenEP)
    USBD_LL_PrepareReceive                   0x0800320f   Thumb Code    32  usbd_conf.o(i.USBD_LL_PrepareReceive)
    USBD_LL_Reset                            0x0800322f   Thumb Code    62  usbd_core.o(i.USBD_LL_Reset)
    USBD_LL_Resume                           0x0800326d   Thumb Code    12  usbd_core.o(i.USBD_LL_Resume)
    USBD_LL_SOF                              0x08003279   Thumb Code    24  usbd_core.o(i.USBD_LL_SOF)
    USBD_LL_SetSpeed                         0x08003291   Thumb Code     6  usbd_core.o(i.USBD_LL_SetSpeed)
    USBD_LL_SetUSBAddress                    0x08003297   Thumb Code    32  usbd_conf.o(i.USBD_LL_SetUSBAddress)
    USBD_LL_SetupStage                       0x080032b7   Thumb Code    90  usbd_core.o(i.USBD_LL_SetupStage)
    USBD_LL_StallEP                          0x08003311   Thumb Code    32  usbd_conf.o(i.USBD_LL_StallEP)
    USBD_LL_Start                            0x08003331   Thumb Code    32  usbd_conf.o(i.USBD_LL_Start)
    USBD_LL_Suspend                          0x08003351   Thumb Code    18  usbd_core.o(i.USBD_LL_Suspend)
    USBD_LL_Transmit                         0x08003363   Thumb Code    32  usbd_conf.o(i.USBD_LL_Transmit)
    USBD_MSC_DataIn                          0x08003383   Thumb Code    10  usbd_msc.o(i.USBD_MSC_DataIn)
    USBD_MSC_DataOut                         0x0800338d   Thumb Code    10  usbd_msc.o(i.USBD_MSC_DataOut)
    USBD_MSC_DeInit                          0x08003397   Thumb Code    44  usbd_msc.o(i.USBD_MSC_DeInit)
    USBD_MSC_GetDeviceQualifierDescriptor    0x080033c5   Thumb Code     8  usbd_msc.o(i.USBD_MSC_GetDeviceQualifierDescriptor)
    USBD_MSC_GetFSCfgDesc                    0x080033d1   Thumb Code     8  usbd_msc.o(i.USBD_MSC_GetFSCfgDesc)
    USBD_MSC_GetHSCfgDesc                    0x080033dd   Thumb Code     8  usbd_msc.o(i.USBD_MSC_GetHSCfgDesc)
    USBD_MSC_GetOtherSpeedCfgDesc            0x080033e9   Thumb Code     8  usbd_msc.o(i.USBD_MSC_GetOtherSpeedCfgDesc)
    USBD_MSC_Init                            0x080033f5   Thumb Code    82  usbd_msc.o(i.USBD_MSC_Init)
    USBD_MSC_RegisterStorage                 0x08003447   Thumb Code    10  usbd_msc.o(i.USBD_MSC_RegisterStorage)
    USBD_MSC_Setup                           0x08003451   Thumb Code   194  usbd_msc.o(i.USBD_MSC_Setup)
    USBD_ParseSetupRequest                   0x08003513   Thumb Code    40  usbd_ctlreq.o(i.USBD_ParseSetupRequest)
    USBD_RegisterClass                       0x0800353b   Thumb Code    16  usbd_core.o(i.USBD_RegisterClass)
    USBD_SetClassConfig                      0x0800354b   Thumb Code    22  usbd_core.o(i.USBD_SetClassConfig)
    USBD_Start                               0x080035d5   Thumb Code    10  usbd_core.o(i.USBD_Start)
    USBD_StdDevReq                           0x080035df   Thumb Code   242  usbd_ctlreq.o(i.USBD_StdDevReq)
    USBD_StdEPReq                            0x080036d1   Thumb Code   220  usbd_ctlreq.o(i.USBD_StdEPReq)
    USBD_StdItfReq                           0x080037ad   Thumb Code    52  usbd_ctlreq.o(i.USBD_StdItfReq)
    USBD_static_free                         0x080037e1   Thumb Code     2  usbd_conf.o(i.USBD_static_free)
    USBD_static_malloc                       0x080037e5   Thumb Code     4  usbd_conf.o(i.USBD_static_malloc)
    USB_ActivateEndpoint                     0x080037ed   Thumb Code   604  stm32f1xx_ll_usb.o(i.USB_ActivateEndpoint)
    USB_CoreInit                             0x08003a49   Thumb Code     4  stm32f1xx_ll_usb.o(i.USB_CoreInit)
    USB_DeactivateEndpoint                   0x08003a4d   Thumb Code   292  stm32f1xx_ll_usb.o(i.USB_DeactivateEndpoint)
    USB_DevConnect                           0x08003b71   Thumb Code     4  stm32f1xx_ll_usb.o(i.USB_DevConnect)
    USB_DevDisconnect                        0x08003b75   Thumb Code     4  stm32f1xx_ll_usb.o(i.USB_DevDisconnect)
    USB_DevInit                              0x08003b79   Thumb Code    30  stm32f1xx_ll_usb.o(i.USB_DevInit)
    USB_DisableGlobalInt                     0x08003b97   Thumb Code    14  stm32f1xx_ll_usb.o(i.USB_DisableGlobalInt)
    USB_EP0_OutStart                         0x08003ba5   Thumb Code     4  stm32f1xx_ll_usb.o(i.USB_EP0_OutStart)
    USB_EPClearStall                         0x08003ba9   Thumb Code   106  stm32f1xx_ll_usb.o(i.USB_EPClearStall)
    USB_EPSetStall                           0x08003c13   Thumb Code    74  stm32f1xx_ll_usb.o(i.USB_EPSetStall)
    USB_EPStartXfer                          0x08003c5d   Thumb Code   426  stm32f1xx_ll_usb.o(i.USB_EPStartXfer)
    USB_EnableGlobalInt                      0x08003e07   Thumb Code    14  stm32f1xx_ll_usb.o(i.USB_EnableGlobalInt)
    USB_FlushRxFifo                          0x08003e15   Thumb Code     4  stm32f1xx_ll_usb.o(i.USB_FlushRxFifo)
    USB_FlushTxFifo                          0x08003e19   Thumb Code     4  stm32f1xx_ll_usb.o(i.USB_FlushTxFifo)
    USB_LP_CAN1_RX0_IRQHandler               0x08003e1d   Thumb Code     6  stm32f1xx_it.o(i.USB_LP_CAN1_RX0_IRQHandler)
    USB_ReadInterrupts                       0x08003e29   Thumb Code     6  stm32f1xx_ll_usb.o(i.USB_ReadInterrupts)
    USB_ReadPMA                              0x08003e31   Thumb Code    30  stm32f1xx_ll_usb.o(i.USB_ReadPMA)
    USB_SetCurrentMode                       0x08003e4f   Thumb Code     4  stm32f1xx_ll_usb.o(i.USB_SetCurrentMode)
    USB_SetDevAddress                        0x08003e53   Thumb Code    12  stm32f1xx_ll_usb.o(i.USB_SetDevAddress)
    USB_WritePMA                             0x08003e5f   Thumb Code    38  stm32f1xx_ll_usb.o(i.USB_WritePMA)
    USER_initialize                          0x08003e85   Thumb Code    10  user_diskio.o(i.USER_initialize)
    USER_ioctl                               0x08003e95   Thumb Code     4  user_diskio.o(i.USER_ioctl)
    USER_read                                0x08003e99   Thumb Code     4  user_diskio.o(i.USER_read)
    USER_status                              0x08003e9d   Thumb Code    10  user_diskio.o(i.USER_status)
    USER_write                               0x08003ead   Thumb Code     4  user_diskio.o(i.USER_write)
    UsageFault_Handler                       0x08003eb1   Thumb Code     2  stm32f1xx_it.o(i.UsageFault_Handler)
    __scatterload_copy                       0x08003eb3   Thumb Code    14  handlers.o(i.__scatterload_copy)
    __scatterload_null                       0x08003ec1   Thumb Code     2  handlers.o(i.__scatterload_null)
    __scatterload_zeroinit                   0x08003ec3   Thumb Code    14  handlers.o(i.__scatterload_zeroinit)
    init                                     0x08003ed1   Thumb Code   100  main.o(i.init)
    main                                     0x08003f45   Thumb Code   102  main.o(i.main)
    monitor                                  0x08003fbd   Thumb Code  1244  monitor.o(i.monitor)
    STORAGE_Inquirydata_FS                   0x08004c7f   Data          36  usbd_storage_if.o(.constdata)
    AHBPrescTable                            0x08004ca3   Data          16  system_stm32f1xx.o(.constdata)
    APBPrescTable                            0x08004cb3   Data           8  system_stm32f1xx.o(.constdata)
    MSC_Page00_Inquiry_Data                  0x08004cbb   Data           7  usbd_msc_data.o(.constdata)
    MSC_Mode_Sense6_data                     0x08004cc2   Data           8  usbd_msc_data.o(.constdata)
    MSC_Mode_Sense10_data                    0x08004cca   Data           8  usbd_msc_data.o(.constdata)
    Region$$Table$$Base                      0x08004cd4   Number         0  anon$$obj.o(Region$$Table)
    Region$$Table$$Limit                     0x08004cf4   Number         0  anon$$obj.o(Region$$Table)
    Font_7x10                                0x20000000   Data           8  fonts.o(.data)
    uart1_x_start                            0x20000008   Data           1  monitor.o(.data)
    uart2_x_start                            0x20000009   Data           1  monitor.o(.data)
    uart1_y_start                            0x2000000a   Data           1  monitor.o(.data)
    uart2_y_start                            0x2000000b   Data           1  monitor.o(.data)
    uart1_x                                  0x2000000c   Data           1  monitor.o(.data)
    uart2_x                                  0x2000000d   Data           1  monitor.o(.data)
    txstring1                                0x2000000e   Data           2  monitor.o(.data)
    txstring2                                0x20000010   Data           2  monitor.o(.data)
    rxbyte1                                  0x20000012   Data           1  main.o(.data)
    rxbyte2                                  0x20000013   Data           1  main.o(.data)
    USER_Driver                              0x20000018   Data          20  user_diskio.o(.data)
    retUSER                                  0x2000002c   Data           1  fatfs.o(.data)
    USERPath                                 0x2000002d   Data           4  fatfs.o(.data)
    FS_Desc                                  0x20000034   Data          28  usbd_desc.o(.data)
    USBD_LangIDDesc                          0x20000050   Data           4  usbd_desc.o(.data)
    USBD_FS_DeviceDesc                       0x20000054   Data          18  usbd_desc.o(.data)
    USBD_Storage_Interface_fops_FS           0x20000068   Data          32  usbd_storage_if.o(.data)
    uwTickFreq                               0x20000088   Data           1  stm32f1xx_hal.o(.data)
    uwTickPrio                               0x2000008c   Data           4  stm32f1xx_hal.o(.data)
    uwTick                                   0x20000090   Data           4  stm32f1xx_hal.o(.data)
    SystemCoreClock                          0x20000094   Data           4  system_stm32f1xx.o(.data)
    USBD_MSC                                 0x2000009c   Data          56  usbd_msc.o(.data)
    USBD_MSC_CfgHSDesc                       0x200000d4   Data          32  usbd_msc.o(.data)
    USBD_MSC_CfgFSDesc                       0x200000f4   Data          32  usbd_msc.o(.data)
    USBD_MSC_OtherSpeedCfgDesc               0x20000114   Data          32  usbd_msc.o(.data)
    USBD_MSC_DeviceQualifierDesc             0x20000134   Data          10  usbd_msc.o(.data)
    d1                                       0x20000140   Data         150  monitor.o(.bss)
    d2                                       0x200001d6   Data         150  monitor.o(.bss)
    n_string                                 0x2000026c   Data          23  monitor.o(.bss)
    hspi2                                    0x20000284   Data          88  spi.o(.bss)
    huart1                                   0x200002dc   Data          64  usart.o(.bss)
    huart2                                   0x2000031c   Data          64  usart.o(.bss)
    hUsbDeviceFS                             0x2000035c   Data         548  usb_device.o(.bss)
    hpcd_USB_FS                              0x200007f0   Data        1120  usbd_conf.o(.bss)
    USBD_StrDesc                             0x20000c50   Data         512  usbd_desc.o(.bss)
    htim1                                    0x20000e50   Data          64  stm32f1xx_hal_timebase_tim.o(.bss)
    disk                                     0x20000e90   Data          12  ff_gen_drv.o(.bss)
    __initial_sp                             0x200016a0   Data           0  startup_stm32f103xb.o(STACK)



==============================================================================

Memory Map of the image

  Image Entry point : 0x080000ed

  Load Region LR_IROM1 (Base: 0x08000000, Size: 0x00004e34, Max: 0x00010000, ABSOLUTE, COMPRESSED[0x00004db0])

    Execution Region ER_IROM1 (Exec base: 0x08000000, Load base: 0x08000000, Size: 0x00004cf4, Max: 0x00010000, ABSOLUTE)

    Exec Addr    Load Addr    Size         Type   Attr      Idx    E Section Name        Object

    0x08000000   0x08000000   0x000000ec   Data   RO            3    RESET               startup_stm32f103xb.o
    0x080000ec   0x080000ec   0x00000000   Code   RO         5064  * .ARM.Collect$$$$00000000  mc_w.l(entry.o)
    0x080000ec   0x080000ec   0x00000004   Code   RO         5075    .ARM.Collect$$$$00000001  mc_w.l(entry2.o)
    0x080000f0   0x080000f0   0x00000004   Code   RO         5078    .ARM.Collect$$$$00000004  mc_w.l(entry5.o)
    0x080000f4   0x080000f4   0x00000000   Code   RO         5080    .ARM.Collect$$$$00000008  mc_w.l(entry7b.o)
    0x080000f4   0x080000f4   0x00000000   Code   RO         5082    .ARM.Collect$$$$0000000A  mc_w.l(entry8b.o)
    0x080000f4   0x080000f4   0x00000008   Code   RO         5083    .ARM.Collect$$$$0000000B  mc_w.l(entry9a.o)
    0x080000fc   0x080000fc   0x00000000   Code   RO         5085    .ARM.Collect$$$$0000000D  mc_w.l(entry10a.o)
    0x080000fc   0x080000fc   0x00000000   Code   RO         5087    .ARM.Collect$$$$0000000F  mc_w.l(entry11a.o)
    0x080000fc   0x080000fc   0x00000004   Code   RO         5076    .ARM.Collect$$$$00002712  mc_w.l(entry2.o)
    0x08000100   0x08000100   0x00000024   Code   RO            4    .text               startup_stm32f103xb.o
    0x08000124   0x08000124   0x00000024   Code   RO         5069    .text               mc_w.l(memcpya.o)
    0x08000148   0x08000148   0x00000024   Code   RO         5071    .text               mc_w.l(memseta.o)
    0x0800016c   0x0800016c   0x00000024   Code   RO         5089    .text               mc_w.l(init.o)
    0x08000190   0x08000190   0x00000056   Code   RO         5099    .text               mc_w.l(__dczerorl2.o)
    0x080001e6   0x080001e6   0x00000002   Code   RO          991    i.BusFault_Handler  stm32f1xx_it.o
    0x080001e8   0x080001e8   0x00000002   Code   RO          992    i.DebugMon_Handler  stm32f1xx_it.o
    0x080001ea   0x080001ea   0x00000002   Code   RO          277    i.Error_Handler     main.o
    0x080001ec   0x080001ec   0x00000006   Code   RO         4473    i.FATFS_LinkDriver  ff_gen_drv.o
    0x080001f2   0x080001f2   0x00000002   PAD
    0x080001f4   0x080001f4   0x00000040   Code   RO         4474    i.FATFS_LinkDriverEx  ff_gen_drv.o
    0x08000234   0x08000234   0x00000098   Code   RO         3536    i.HAL_DMA_Abort_IT  stm32f1xx_hal_dma.o
    0x080002cc   0x080002cc   0x00000024   Code   RO         3175    i.HAL_Delay         stm32f1xx_hal.o
    0x080002f0   0x080002f0   0x000001bc   Code   RO         3471    i.HAL_GPIO_Init     stm32f1xx_hal_gpio.o
    0x080004ac   0x080004ac   0x0000000a   Code   RO         3475    i.HAL_GPIO_WritePin  stm32f1xx_hal_gpio.o
    0x080004b6   0x080004b6   0x00000002   PAD
    0x080004b8   0x080004b8   0x0000000c   Code   RO         3179    i.HAL_GetTick       stm32f1xx_hal.o
    0x080004c4   0x080004c4   0x00000010   Code   RO         3183    i.HAL_IncTick       stm32f1xx_hal.o
    0x080004d4   0x080004d4   0x00000024   Code   RO         3184    i.HAL_Init          stm32f1xx_hal.o
    0x080004f8   0x080004f8   0x00000074   Code   RO         1119    i.HAL_InitTick      stm32f1xx_hal_timebase_tim.o
    0x0800056c   0x0800056c   0x0000003c   Code   RO         1095    i.HAL_MspInit       stm32f1xx_hal_msp.o
    0x080005a8   0x080005a8   0x00000016   Code   RO         3631    i.HAL_NVIC_EnableIRQ  stm32f1xx_hal_cortex.o
    0x080005be   0x080005be   0x00000002   PAD
    0x080005c0   0x080005c0   0x00000040   Code   RO         3637    i.HAL_NVIC_SetPriority  stm32f1xx_hal_cortex.o
    0x08000600   0x08000600   0x00000024   Code   RO         3638    i.HAL_NVIC_SetPriorityGrouping  stm32f1xx_hal_cortex.o
    0x08000624   0x08000624   0x00000034   Code   RO         1409    i.HAL_PCDEx_PMAConfig  stm32f1xx_hal_pcd_ex.o
    0x08000658   0x08000658   0x00000002   Code   RO          655    i.HAL_PCDEx_SetConnectionState  usbd_conf.o
    0x0800065a   0x0800065a   0x0000000e   Code   RO          657    i.HAL_PCD_DataInStageCallback  usbd_conf.o
    0x08000668   0x08000668   0x00000010   Code   RO          658    i.HAL_PCD_DataOutStageCallback  usbd_conf.o
    0x08000678   0x08000678   0x00000040   Code   RO         1203    i.HAL_PCD_EP_Close  stm32f1xx_hal_pcd.o
    0x080006b8   0x080006b8   0x00000048   Code   RO         1204    i.HAL_PCD_EP_ClrStall  stm32f1xx_hal_pcd.o
    0x08000700   0x08000700   0x00000034   Code   RO         1205    i.HAL_PCD_EP_Flush  stm32f1xx_hal_pcd.o
    0x08000734   0x08000734   0x00000010   Code   RO         1206    i.HAL_PCD_EP_GetRxCount  stm32f1xx_hal_pcd.o
    0x08000744   0x08000744   0x00000044   Code   RO         1207    i.HAL_PCD_EP_Open   stm32f1xx_hal_pcd.o
    0x08000788   0x08000788   0x0000002e   Code   RO         1208    i.HAL_PCD_EP_Receive  stm32f1xx_hal_pcd.o
    0x080007b6   0x080007b6   0x00000056   Code   RO         1209    i.HAL_PCD_EP_SetStall  stm32f1xx_hal_pcd.o
    0x0800080c   0x0800080c   0x0000002a   Code   RO         1210    i.HAL_PCD_EP_Transmit  stm32f1xx_hal_pcd.o
    0x08000836   0x08000836   0x0000010c   Code   RO         1212    i.HAL_PCD_IRQHandler  stm32f1xx_hal_pcd.o
    0x08000942   0x08000942   0x00000002   PAD
    0x08000944   0x08000944   0x000000c0   Code   RO         1215    i.HAL_PCD_Init      stm32f1xx_hal_pcd.o
    0x08000a04   0x08000a04   0x0000003c   Code   RO          663    i.HAL_PCD_MspInit   usbd_conf.o
    0x08000a40   0x08000a40   0x0000001a   Code   RO          664    i.HAL_PCD_ResetCallback  usbd_conf.o
    0x08000a5a   0x08000a5a   0x00000008   Code   RO          665    i.HAL_PCD_ResumeCallback  usbd_conf.o
    0x08000a62   0x08000a62   0x00000008   Code   RO          666    i.HAL_PCD_SOFCallback  usbd_conf.o
    0x08000a6a   0x08000a6a   0x00000028   Code   RO         1221    i.HAL_PCD_SetAddress  stm32f1xx_hal_pcd.o
    0x08000a92   0x08000a92   0x0000000e   Code   RO          667    i.HAL_PCD_SetupStageCallback  usbd_conf.o
    0x08000aa0   0x08000aa0   0x00000032   Code   RO         1223    i.HAL_PCD_Start     stm32f1xx_hal_pcd.o
    0x08000ad2   0x08000ad2   0x00000002   PAD
    0x08000ad4   0x08000ad4   0x00000024   Code   RO          668    i.HAL_PCD_SuspendCallback  usbd_conf.o
    0x08000af8   0x08000af8   0x000000ec   Code   RO         3434    i.HAL_RCCEx_PeriphCLKConfig  stm32f1xx_hal_rcc_ex.o
    0x08000be4   0x08000be4   0x0000016c   Code   RO         3331    i.HAL_RCC_ClockConfig  stm32f1xx_hal_rcc.o
    0x08000d50   0x08000d50   0x00000040   Code   RO         3335    i.HAL_RCC_GetClockConfig  stm32f1xx_hal_rcc.o
    0x08000d90   0x08000d90   0x00000020   Code   RO         3338    i.HAL_RCC_GetPCLK1Freq  stm32f1xx_hal_rcc.o
    0x08000db0   0x08000db0   0x00000020   Code   RO         3339    i.HAL_RCC_GetPCLK2Freq  stm32f1xx_hal_rcc.o
    0x08000dd0   0x08000dd0   0x0000006c   Code   RO         3340    i.HAL_RCC_GetSysClockFreq  stm32f1xx_hal_rcc.o
    0x08000e3c   0x08000e3c   0x00000304   Code   RO         3343    i.HAL_RCC_OscConfig  stm32f1xx_hal_rcc.o
    0x08001140   0x08001140   0x00000082   Code   RO         1954    i.HAL_SPI_Init      stm32f1xx_hal_spi_ex.o
    0x080011c2   0x080011c2   0x00000002   PAD
    0x080011c4   0x080011c4   0x00000060   Code   RO          511    i.HAL_SPI_MspInit   spi.o
    0x08001224   0x08001224   0x00000168   Code   RO         1650    i.HAL_SPI_Transmit  stm32f1xx_hal_spi.o
    0x0800138c   0x0800138c   0x00000002   Code   RO         2609    i.HAL_TIMEx_BreakCallback  stm32f1xx_hal_tim_ex.o
    0x0800138e   0x0800138e   0x00000002   Code   RO         2610    i.HAL_TIMEx_CommutationCallback  stm32f1xx_hal_tim_ex.o
    0x08001390   0x08001390   0x00000036   Code   RO         1980    i.HAL_TIM_Base_Init  stm32f1xx_hal_tim.o
    0x080013c6   0x080013c6   0x00000002   Code   RO         1982    i.HAL_TIM_Base_MspInit  stm32f1xx_hal_tim.o
    0x080013c8   0x080013c8   0x00000018   Code   RO         1985    i.HAL_TIM_Base_Start_IT  stm32f1xx_hal_tim.o
    0x080013e0   0x080013e0   0x00000002   Code   RO         2009    i.HAL_TIM_IC_CaptureCallback  stm32f1xx_hal_tim.o
    0x080013e2   0x080013e2   0x00000166   Code   RO         2022    i.HAL_TIM_IRQHandler  stm32f1xx_hal_tim.o
    0x08001548   0x08001548   0x00000002   Code   RO         2025    i.HAL_TIM_OC_DelayElapsedCallback  stm32f1xx_hal_tim.o
    0x0800154a   0x0800154a   0x00000002   Code   RO         2052    i.HAL_TIM_PWM_PulseFinishedCallback  stm32f1xx_hal_tim.o
    0x0800154c   0x0800154c   0x00000014   Code   RO          278    i.HAL_TIM_PeriodElapsedCallback  main.o
    0x08001560   0x08001560   0x00000002   Code   RO         2063    i.HAL_TIM_TriggerCallback  stm32f1xx_hal_tim.o
    0x08001562   0x08001562   0x00000002   Code   RO         2863    i.HAL_UART_ErrorCallback  stm32f1xx_hal_uart.o
    0x08001564   0x08001564   0x00000110   Code   RO         2866    i.HAL_UART_IRQHandler  stm32f1xx_hal_uart.o
    0x08001674   0x08001674   0x00000062   Code   RO         2867    i.HAL_UART_Init     stm32f1xx_hal_uart.o
    0x080016d6   0x080016d6   0x00000002   PAD
    0x080016d8   0x080016d8   0x000000d4   Code   RO          553    i.HAL_UART_MspInit  usart.o
    0x080017ac   0x080017ac   0x00000052   Code   RO         2872    i.HAL_UART_Receive_IT  stm32f1xx_hal_uart.o
    0x080017fe   0x080017fe   0x00000002   Code   RO         2873    i.HAL_UART_RxCpltCallback  stm32f1xx_hal_uart.o
    0x08001800   0x08001800   0x00000002   Code   RO         2878    i.HAL_UART_TxCpltCallback  stm32f1xx_hal_uart.o
    0x08001802   0x08001802   0x00000002   Code   RO          993    i.HardFault_Handler  stm32f1xx_it.o
    0x08001804   0x08001804   0x00000042   Code   RO         4902    i.MSC_BOT_Abort     usbd_msc_bot.o
    0x08001846   0x08001846   0x00000002   PAD
    0x08001848   0x08001848   0x000000cc   Code   RO         4903    i.MSC_BOT_CBW_Decode  usbd_msc_bot.o
    0x08001914   0x08001914   0x0000002a   Code   RO         4904    i.MSC_BOT_CplClrFeature  usbd_msc_bot.o
    0x0800193e   0x0800193e   0x0000003a   Code   RO         4905    i.MSC_BOT_DataIn    usbd_msc_bot.o
    0x08001978   0x08001978   0x0000003a   Code   RO         4906    i.MSC_BOT_DataOut   usbd_msc_bot.o
    0x080019b2   0x080019b2   0x0000000a   Code   RO         4907    i.MSC_BOT_DeInit    usbd_msc_bot.o
    0x080019bc   0x080019bc   0x00000042   Code   RO         4908    i.MSC_BOT_Init      usbd_msc_bot.o
    0x080019fe   0x080019fe   0x00000016   Code   RO         4909    i.MSC_BOT_Reset     usbd_msc_bot.o
    0x08001a14   0x08001a14   0x0000003c   Code   RO         4910    i.MSC_BOT_SendCSW   usbd_msc_bot.o
    0x08001a50   0x08001a50   0x0000001c   Code   RO          472    i.MX_FATFS_Init     fatfs.o
    0x08001a6c   0x08001a6c   0x000000e4   Code   RO          389    i.MX_GPIO_Init      gpio.o
    0x08001b50   0x08001b50   0x00000048   Code   RO          512    i.MX_SPI2_Init      spi.o
    0x08001b98   0x08001b98   0x00000038   Code   RO          554    i.MX_USART1_UART_Init  usart.o
    0x08001bd0   0x08001bd0   0x00000038   Code   RO          555    i.MX_USART2_UART_Init  usart.o
    0x08001c08   0x08001c08   0x00000038   Code   RO          600    i.MX_USB_DEVICE_Init  usb_device.o
    0x08001c40   0x08001c40   0x00000002   Code   RO          994    i.MemManage_Handler  stm32f1xx_it.o
    0x08001c42   0x08001c42   0x00000002   Code   RO          995    i.NMI_Handler       stm32f1xx_it.o
    0x08001c44   0x08001c44   0x00000020   Code   RO         3644    i.NVIC_SetPriority  stm32f1xx_hal_cortex.o
    0x08001c64   0x08001c64   0x00000362   Code   RO         1226    i.PCD_EP_ISR_Handler  stm32f1xx_hal_pcd.o
    0x08001fc6   0x08001fc6   0x00000002   Code   RO          996    i.PendSV_Handler    stm32f1xx_it.o
    0x08001fc8   0x08001fc8   0x00000022   Code   RO         4998    i.SCSI_CheckAddressRange  usbd_msc_scsi.o
    0x08001fea   0x08001fea   0x00000002   PAD
    0x08001fec   0x08001fec   0x000001cc   Code   RO         4999    i.SCSI_ProcessCmd   usbd_msc_scsi.o
    0x080021b8   0x080021b8   0x0000008c   Code   RO         5000    i.SCSI_ProcessRead  usbd_msc_scsi.o
    0x08002244   0x08002244   0x00000098   Code   RO         5001    i.SCSI_ProcessWrite  usbd_msc_scsi.o
    0x080022dc   0x080022dc   0x000000aa   Code   RO         5002    i.SCSI_Read10       usbd_msc_scsi.o
    0x08002386   0x08002386   0x00000056   Code   RO         5003    i.SCSI_ReadCapacity10  usbd_msc_scsi.o
    0x080023dc   0x080023dc   0x0000006e   Code   RO         5004    i.SCSI_ReadFormatCapacity  usbd_msc_scsi.o
    0x0800244a   0x0800244a   0x00000036   Code   RO         5005    i.SCSI_SenseCode    usbd_msc_scsi.o
    0x08002480   0x08002480   0x000000ca   Code   RO         5006    i.SCSI_Write10      usbd_msc_scsi.o
    0x0800254a   0x0800254a   0x00000020   Code   RO         1666    i.SPI_CheckFlag_BSY  stm32f1xx_hal_spi.o
    0x0800256a   0x0800256a   0x00000096   Code   RO         1685    i.SPI_WaitFlagStateUntilTimeout  stm32f1xx_hal_spi.o
    0x08002600   0x08002600   0x0000003c   Code   RO           35    i.ST7735_DrawPixel  st7735.o
    0x0800263c   0x0800263c   0x0000004c   Code   RO           36    i.ST7735_ExecuteCommandList  st7735.o
    0x08002688   0x08002688   0x00000098   Code   RO           37    i.ST7735_FillRectangle  st7735.o
    0x08002720   0x08002720   0x00000012   Code   RO           38    i.ST7735_FillScreen  st7735.o
    0x08002732   0x08002732   0x00000002   PAD
    0x08002734   0x08002734   0x00000048   Code   RO           39    i.ST7735_Init       st7735.o
    0x0800277c   0x0800277c   0x00000010   Code   RO           41    i.ST7735_Select     st7735.o
    0x0800278c   0x0800278c   0x00000042   Code   RO           42    i.ST7735_SetAddressWindow  st7735.o
    0x080027ce   0x080027ce   0x00000002   PAD
    0x080027d0   0x080027d0   0x00000010   Code   RO           43    i.ST7735_Unselect   st7735.o
    0x080027e0   0x080027e0   0x00000090   Code   RO           44    i.ST7735_WriteChar  st7735.o
    0x08002870   0x08002870   0x00000024   Code   RO           45    i.ST7735_WriteCommand  st7735.o
    0x08002894   0x08002894   0x0000002c   Code   RO           46    i.ST7735_WriteData  st7735.o
    0x080028c0   0x080028c0   0x0000005e   Code   RO           47    i.ST7735_WriteString  st7735.o
    0x0800291e   0x0800291e   0x0000000e   Code   RO          930    i.STORAGE_GetCapacity_FS  usbd_storage_if.o
    0x0800292c   0x0800292c   0x00000004   Code   RO          931    i.STORAGE_GetMaxLun_FS  usbd_storage_if.o
    0x08002930   0x08002930   0x00000004   Code   RO          932    i.STORAGE_Init_FS   usbd_storage_if.o
    0x08002934   0x08002934   0x00000004   Code   RO          933    i.STORAGE_IsReady_FS  usbd_storage_if.o
    0x08002938   0x08002938   0x00000004   Code   RO          934    i.STORAGE_IsWriteProtected_FS  usbd_storage_if.o
    0x0800293c   0x0800293c   0x00000004   Code   RO          935    i.STORAGE_Read_FS   usbd_storage_if.o
    0x08002940   0x08002940   0x00000004   Code   RO          936    i.STORAGE_Write_FS  usbd_storage_if.o
    0x08002944   0x08002944   0x00000002   Code   RO          997    i.SVC_Handler       stm32f1xx_it.o
    0x08002946   0x08002946   0x00000002   Code   RO          998    i.SysTick_Handler   stm32f1xx_it.o
    0x08002948   0x08002948   0x00000060   Code   RO          279    i.SystemClock_Config  main.o
    0x080029a8   0x080029a8   0x00000048   Code   RO         4060    i.SystemInit        system_stm32f1xx.o
    0x080029f0   0x080029f0   0x0000000c   Code   RO          999    i.TIM1_UP_IRQHandler  stm32f1xx_it.o
    0x080029fc   0x080029fc   0x0000006c   Code   RO         2064    i.TIM_Base_SetConfig  stm32f1xx_hal_tim.o
    0x08002a68   0x08002a68   0x00000010   Code   RO         2880    i.UART_DMAAbortOnError  stm32f1xx_hal_uart.o
    0x08002a78   0x08002a78   0x0000001c   Code   RO         2890    i.UART_EndRxTransfer  stm32f1xx_hal_uart.o
    0x08002a94   0x08002a94   0x00000096   Code   RO         2892    i.UART_Receive_IT   stm32f1xx_hal_uart.o
    0x08002b2a   0x08002b2a   0x00000002   PAD
    0x08002b2c   0x08002b2c   0x00000170   Code   RO         2893    i.UART_SetConfig    stm32f1xx_hal_uart.o
    0x08002c9c   0x08002c9c   0x00000062   Code   RO         2894    i.UART_Transmit_IT  stm32f1xx_hal_uart.o
    0x08002cfe   0x08002cfe   0x00000002   PAD
    0x08002d00   0x08002d00   0x00000018   Code   RO         1000    i.USART1_IRQHandler  stm32f1xx_it.o
    0x08002d18   0x08002d18   0x00000018   Code   RO         1001    i.USART2_IRQHandler  stm32f1xx_it.o
    0x08002d30   0x08002d30   0x0000000e   Code   RO         4554    i.USBD_ClrClassConfig  usbd_core.o
    0x08002d3e   0x08002d3e   0x00000010   Code   RO         4757    i.USBD_CtlContinueRx  usbd_ioreq.o
    0x08002d4e   0x08002d4e   0x00000010   Code   RO         4758    i.USBD_CtlContinueSendData  usbd_ioreq.o
    0x08002d5e   0x08002d5e   0x00000016   Code   RO         4692    i.USBD_CtlError     usbd_ctlreq.o
    0x08002d74   0x08002d74   0x00000016   Code   RO         4760    i.USBD_CtlReceiveStatus  usbd_ioreq.o
    0x08002d8a   0x08002d8a   0x0000001a   Code   RO         4761    i.USBD_CtlSendData  usbd_ioreq.o
    0x08002da4   0x08002da4   0x00000016   Code   RO         4762    i.USBD_CtlSendStatus  usbd_ioreq.o
    0x08002dba   0x08002dba   0x00000002   PAD
    0x08002dbc   0x08002dbc   0x00000020   Code   RO          862    i.USBD_FS_ConfigStrDescriptor  usbd_desc.o
    0x08002ddc   0x08002ddc   0x0000000c   Code   RO          863    i.USBD_FS_DeviceDescriptor  usbd_desc.o
    0x08002de8   0x08002de8   0x00000024   Code   RO          864    i.USBD_FS_InterfaceStrDescriptor  usbd_desc.o
    0x08002e0c   0x08002e0c   0x0000000c   Code   RO          865    i.USBD_FS_LangIDStrDescriptor  usbd_desc.o
    0x08002e18   0x08002e18   0x00000028   Code   RO          866    i.USBD_FS_ManufacturerStrDescriptor  usbd_desc.o
    0x08002e40   0x08002e40   0x00000028   Code   RO          867    i.USBD_FS_ProductStrDescriptor  usbd_desc.o
    0x08002e68   0x08002e68   0x00000024   Code   RO          868    i.USBD_FS_SerialStrDescriptor  usbd_desc.o
    0x08002e8c   0x08002e8c   0x000000e0   Code   RO         4693    i.USBD_GetDescriptor  usbd_ctlreq.o
    0x08002f6c   0x08002f6c   0x00000046   Code   RO         4694    i.USBD_GetString    usbd_ctlreq.o
    0x08002fb2   0x08002fb2   0x0000002a   Code   RO         4556    i.USBD_Init         usbd_core.o
    0x08002fdc   0x08002fdc   0x00000020   Code   RO          669    i.USBD_LL_ClearStallEP  usbd_conf.o
    0x08002ffc   0x08002ffc   0x00000020   Code   RO          670    i.USBD_LL_CloseEP   usbd_conf.o
    0x0800301c   0x0800301c   0x000000aa   Code   RO         4557    i.USBD_LL_DataInStage  usbd_core.o
    0x080030c6   0x080030c6   0x0000006a   Code   RO         4558    i.USBD_LL_DataOutStage  usbd_core.o
    0x08003130   0x08003130   0x00000020   Code   RO          673    i.USBD_LL_FlushEP   usbd_conf.o
    0x08003150   0x08003150   0x00000008   Code   RO          674    i.USBD_LL_GetRxDataSize  usbd_conf.o
    0x08003158   0x08003158   0x00000074   Code   RO          675    i.USBD_LL_Init      usbd_conf.o
    0x080031cc   0x080031cc   0x0000001c   Code   RO          676    i.USBD_LL_IsStallEP  usbd_conf.o
    0x080031e8   0x080031e8   0x00000026   Code   RO          677    i.USBD_LL_OpenEP    usbd_conf.o
    0x0800320e   0x0800320e   0x00000020   Code   RO          678    i.USBD_LL_PrepareReceive  usbd_conf.o
    0x0800322e   0x0800322e   0x0000003e   Code   RO         4563    i.USBD_LL_Reset     usbd_core.o
    0x0800326c   0x0800326c   0x0000000c   Code   RO         4564    i.USBD_LL_Resume    usbd_core.o
    0x08003278   0x08003278   0x00000018   Code   RO         4565    i.USBD_LL_SOF       usbd_core.o
    0x08003290   0x08003290   0x00000006   Code   RO         4566    i.USBD_LL_SetSpeed  usbd_core.o
    0x08003296   0x08003296   0x00000020   Code   RO          679    i.USBD_LL_SetUSBAddress  usbd_conf.o
    0x080032b6   0x080032b6   0x0000005a   Code   RO         4567    i.USBD_LL_SetupStage  usbd_core.o
    0x08003310   0x08003310   0x00000020   Code   RO          680    i.USBD_LL_StallEP   usbd_conf.o
    0x08003330   0x08003330   0x00000020   Code   RO          681    i.USBD_LL_Start     usbd_conf.o
    0x08003350   0x08003350   0x00000012   Code   RO         4568    i.USBD_LL_Suspend   usbd_core.o
    0x08003362   0x08003362   0x00000020   Code   RO          683    i.USBD_LL_Transmit  usbd_conf.o
    0x08003382   0x08003382   0x0000000a   Code   RO         4817    i.USBD_MSC_DataIn   usbd_msc.o
    0x0800338c   0x0800338c   0x0000000a   Code   RO         4818    i.USBD_MSC_DataOut  usbd_msc.o
    0x08003396   0x08003396   0x0000002c   Code   RO         4819    i.USBD_MSC_DeInit   usbd_msc.o
    0x080033c2   0x080033c2   0x00000002   PAD
    0x080033c4   0x080033c4   0x0000000c   Code   RO         4820    i.USBD_MSC_GetDeviceQualifierDescriptor  usbd_msc.o
    0x080033d0   0x080033d0   0x0000000c   Code   RO         4821    i.USBD_MSC_GetFSCfgDesc  usbd_msc.o
    0x080033dc   0x080033dc   0x0000000c   Code   RO         4822    i.USBD_MSC_GetHSCfgDesc  usbd_msc.o
    0x080033e8   0x080033e8   0x0000000c   Code   RO         4823    i.USBD_MSC_GetOtherSpeedCfgDesc  usbd_msc.o
    0x080033f4   0x080033f4   0x00000052   Code   RO         4824    i.USBD_MSC_Init     usbd_msc.o
    0x08003446   0x08003446   0x0000000a   Code   RO         4825    i.USBD_MSC_RegisterStorage  usbd_msc.o
    0x08003450   0x08003450   0x000000c2   Code   RO         4826    i.USBD_MSC_Setup    usbd_msc.o
    0x08003512   0x08003512   0x00000028   Code   RO         4695    i.USBD_ParseSetupRequest  usbd_ctlreq.o
    0x0800353a   0x0800353a   0x00000010   Code   RO         4569    i.USBD_RegisterClass  usbd_core.o
    0x0800354a   0x0800354a   0x00000016   Code   RO         4571    i.USBD_SetClassConfig  usbd_core.o
    0x08003560   0x08003560   0x00000074   Code   RO         4696    i.USBD_SetConfig    usbd_ctlreq.o
    0x080035d4   0x080035d4   0x0000000a   Code   RO         4572    i.USBD_Start        usbd_core.o
    0x080035de   0x080035de   0x000000f2   Code   RO         4697    i.USBD_StdDevReq    usbd_ctlreq.o
    0x080036d0   0x080036d0   0x000000dc   Code   RO         4698    i.USBD_StdEPReq     usbd_ctlreq.o
    0x080037ac   0x080037ac   0x00000034   Code   RO         4699    i.USBD_StdItfReq    usbd_ctlreq.o
    0x080037e0   0x080037e0   0x00000002   Code   RO          684    i.USBD_static_free  usbd_conf.o
    0x080037e2   0x080037e2   0x00000002   PAD
    0x080037e4   0x080037e4   0x00000008   Code   RO          685    i.USBD_static_malloc  usbd_conf.o
    0x080037ec   0x080037ec   0x0000025c   Code   RO         1439    i.USB_ActivateEndpoint  stm32f1xx_ll_usb.o
    0x08003a48   0x08003a48   0x00000004   Code   RO         1442    i.USB_CoreInit      stm32f1xx_ll_usb.o
    0x08003a4c   0x08003a4c   0x00000124   Code   RO         1444    i.USB_DeactivateEndpoint  stm32f1xx_ll_usb.o
    0x08003b70   0x08003b70   0x00000004   Code   RO         1445    i.USB_DevConnect    stm32f1xx_ll_usb.o
    0x08003b74   0x08003b74   0x00000004   Code   RO         1446    i.USB_DevDisconnect  stm32f1xx_ll_usb.o
    0x08003b78   0x08003b78   0x0000001e   Code   RO         1447    i.USB_DevInit       stm32f1xx_ll_usb.o
    0x08003b96   0x08003b96   0x0000000e   Code   RO         1448    i.USB_DisableGlobalInt  stm32f1xx_ll_usb.o
    0x08003ba4   0x08003ba4   0x00000004   Code   RO         1449    i.USB_EP0_OutStart  stm32f1xx_ll_usb.o
    0x08003ba8   0x08003ba8   0x0000006a   Code   RO         1450    i.USB_EPClearStall  stm32f1xx_ll_usb.o
    0x08003c12   0x08003c12   0x0000004a   Code   RO         1451    i.USB_EPSetStall    stm32f1xx_ll_usb.o
    0x08003c5c   0x08003c5c   0x000001aa   Code   RO         1452    i.USB_EPStartXfer   stm32f1xx_ll_usb.o
    0x08003e06   0x08003e06   0x0000000e   Code   RO         1453    i.USB_EnableGlobalInt  stm32f1xx_ll_usb.o
    0x08003e14   0x08003e14   0x00000004   Code   RO         1454    i.USB_FlushRxFifo   stm32f1xx_ll_usb.o
    0x08003e18   0x08003e18   0x00000004   Code   RO         1455    i.USB_FlushTxFifo   stm32f1xx_ll_usb.o
    0x08003e1c   0x08003e1c   0x0000000c   Code   RO         1002    i.USB_LP_CAN1_RX0_IRQHandler  stm32f1xx_it.o
    0x08003e28   0x08003e28   0x00000006   Code   RO         1460    i.USB_ReadInterrupts  stm32f1xx_ll_usb.o
    0x08003e2e   0x08003e2e   0x00000002   PAD
    0x08003e30   0x08003e30   0x0000001e   Code   RO         1461    i.USB_ReadPMA       stm32f1xx_ll_usb.o
    0x08003e4e   0x08003e4e   0x00000004   Code   RO         1463    i.USB_SetCurrentMode  stm32f1xx_ll_usb.o
    0x08003e52   0x08003e52   0x0000000c   Code   RO         1464    i.USB_SetDevAddress  stm32f1xx_ll_usb.o
    0x08003e5e   0x08003e5e   0x00000026   Code   RO         1466    i.USB_WritePMA      stm32f1xx_ll_usb.o
    0x08003e84   0x08003e84   0x00000010   Code   RO          413    i.USER_initialize   user_diskio.o
    0x08003e94   0x08003e94   0x00000004   Code   RO          414    i.USER_ioctl        user_diskio.o
    0x08003e98   0x08003e98   0x00000004   Code   RO          415    i.USER_read         user_diskio.o
    0x08003e9c   0x08003e9c   0x00000010   Code   RO          416    i.USER_status       user_diskio.o
    0x08003eac   0x08003eac   0x00000004   Code   RO          417    i.USER_write        user_diskio.o
    0x08003eb0   0x08003eb0   0x00000002   Code   RO         1003    i.UsageFault_Handler  stm32f1xx_it.o
    0x08003eb2   0x08003eb2   0x0000000e   Code   RO         5093    i.__scatterload_copy  mc_w.l(handlers.o)
    0x08003ec0   0x08003ec0   0x00000002   Code   RO         5094    i.__scatterload_null  mc_w.l(handlers.o)
    0x08003ec2   0x08003ec2   0x0000000e   Code   RO         5095    i.__scatterload_zeroinit  mc_w.l(handlers.o)
    0x08003ed0   0x08003ed0   0x00000074   Code   RO          280    i.init              main.o
    0x08003f44   0x08003f44   0x00000078   Code   RO          281    i.main              main.o
    0x08003fbc   0x08003fbc   0x000004e4   Code   RO          231    i.monitor           monitor.o
    0x080044a0   0x080044a0   0x0000076c   Data   RO           10    .constdata          fonts.o
    0x08004c0c   0x08004c0c   0x00000073   Data   RO           48    .constdata          st7735.o
    0x08004c7f   0x08004c7f   0x00000024   Data   RO          937    .constdata          usbd_storage_if.o
    0x08004ca3   0x08004ca3   0x00000010   Data   RO         4061    .constdata          system_stm32f1xx.o
    0x08004cb3   0x08004cb3   0x00000008   Data   RO         4062    .constdata          system_stm32f1xx.o
    0x08004cbb   0x08004cbb   0x00000007   Data   RO         4972    .constdata          usbd_msc_data.o
    0x08004cc2   0x08004cc2   0x00000008   Data   RO         4973    .constdata          usbd_msc_data.o
    0x08004cca   0x08004cca   0x00000008   Data   RO         4974    .constdata          usbd_msc_data.o
    0x08004cd2   0x08004cd2   0x00000002   PAD
    0x08004cd4   0x08004cd4   0x00000020   Data   RO         5091    Region$$Table       anon$$obj.o


    Execution Region RW_IRAM1 (Exec base: 0x20000000, Load base: 0x08004cf4, Size: 0x000016a0, Max: 0x00005000, ABSOLUTE, COMPRESSED[0x000000bc])

    Exec Addr    Load Addr    Size         Type   Attr      Idx    E Section Name        Object

    0x20000000   COMPRESSED   0x00000008   Data   RW           13    .data               fonts.o
    0x20000008   COMPRESSED   0x0000000a   Data   RW          233    .data               monitor.o
    0x20000012   COMPRESSED   0x00000002   Data   RW          283    .data               main.o
    0x20000014   COMPRESSED   0x00000001   Data   RW          418    .data               user_diskio.o
    0x20000015   COMPRESSED   0x00000003   PAD
    0x20000018   COMPRESSED   0x00000014   Data   RW          419    .data               user_diskio.o
    0x2000002c   COMPRESSED   0x00000005   Data   RW          476    .data               fatfs.o
    0x20000031   COMPRESSED   0x00000003   PAD
    0x20000034   COMPRESSED   0x0000001c   Data   RW          870    .data               usbd_desc.o
    0x20000050   COMPRESSED   0x00000016   Data   RW          871    .data               usbd_desc.o
    0x20000066   COMPRESSED   0x00000002   PAD
    0x20000068   COMPRESSED   0x00000020   Data   RW          938    .data               usbd_storage_if.o
    0x20000088   COMPRESSED   0x0000000c   Data   RW         3191    .data               stm32f1xx_hal.o
    0x20000094   COMPRESSED   0x00000004   Data   RW         4063    .data               system_stm32f1xx.o
    0x20000098   COMPRESSED   0x00000001   Data   RW         4700    .data               usbd_ctlreq.o
    0x20000099   COMPRESSED   0x00000003   PAD
    0x2000009c   COMPRESSED   0x00000038   Data   RW         4827    .data               usbd_msc.o
    0x200000d4   COMPRESSED   0x0000006a   Data   RW         4828    .data               usbd_msc.o
    0x2000013e   COMPRESSED   0x00000002   PAD
    0x20000140        -       0x00000143   Zero   RW          232    .bss                monitor.o
    0x20000283   COMPRESSED   0x00000001   PAD
    0x20000284        -       0x00000058   Zero   RW          513    .bss                spi.o
    0x200002dc        -       0x00000080   Zero   RW          556    .bss                usart.o
    0x2000035c        -       0x00000224   Zero   RW          601    .bss                usb_device.o
    0x20000580        -       0x000006d0   Zero   RW          686    .bss                usbd_conf.o
    0x20000c50        -       0x00000200   Zero   RW          869    .bss                usbd_desc.o
    0x20000e50        -       0x00000040   Zero   RW         1122    .bss                stm32f1xx_hal_timebase_tim.o
    0x20000e90        -       0x0000000c   Zero   RW         4477    .bss                ff_gen_drv.o
    0x20000e9c   COMPRESSED   0x00000004   PAD
    0x20000ea0        -       0x00000800   Zero   RW            1    STACK               startup_stm32f103xb.o


==============================================================================

Image component sizes


      Code (inc. data)   RO Data    RW Data    ZI Data      Debug   Object Name

        28         10          0          5          0       1014   fatfs.o
        70          4          0          0         12       1571   ff_gen_drv.o
         0          0       1900          8          0       5542   fonts.o
       228         16          0          0          0        963   gpio.o
       354         40          0          2          0      12781   main.o
      1252         50          0         10        323       2824   monitor.o
       168         22          0          0         88       1585   spi.o
       794         46        115          0          0     452425   st7735.o
        36          8        236          0       2048        800   startup_stm32f103xb.o
       100         18          0         12          0       5218   stm32f1xx_hal.o
       154         14          0          0          0      24986   stm32f1xx_hal_cortex.o
       152          4          0          0          0       1095   stm32f1xx_hal_dma.o
       454         36          0          0          0       2872   stm32f1xx_hal_gpio.o
        60          8          0          0          0        838   stm32f1xx_hal_msp.o
      1862          0          0          0          0      10700   stm32f1xx_hal_pcd.o
        52          0          0          0          0       1166   stm32f1xx_hal_pcd_ex.o
      1372        108          0          0          0       5825   stm32f1xx_hal_rcc.o
       236         12          0          0          0       1384   stm32f1xx_hal_rcc_ex.o
       542          0          0          0          0       3279   stm32f1xx_hal_spi.o
       130          0          0          0          0       1059   stm32f1xx_hal_spi_ex.o
       554         14          0          0          0       6690   stm32f1xx_hal_tim.o
         4          0          0          0          0       1550   stm32f1xx_hal_tim_ex.o
       116         18          0          0         64       1387   stm32f1xx_hal_timebase_tim.o
      1118         10          0          0          0       7773   stm32f1xx_hal_uart.o
        90         24          0          0          0       5568   stm32f1xx_it.o
      1674          0          0          0          0      13631   stm32f1xx_ll_usb.o
        72         16         24          4          0       1151   system_stm32f1xx.o
       324         32          0          0        128       2299   usart.o
        56         18          0          0        548       5841   usb_device.o
       640         28          0          0       1744      13675   usbd_conf.o
       592          0          0          0          0       9112   usbd_core.o
       986         30          0          1          0       7712   usbd_ctlreq.o
       208        112          0         50        512       4895   usbd_desc.o
       102          0          0          0          0       3636   usbd_ioreq.o
       398         16          0        162          0       9056   usbd_msc.o
       586         12          0          0          0       7029   usbd_msc_bot.o
         0          0         23          0          0        881   usbd_msc_data.o
      1408         12          0          0          0      10299   usbd_msc_scsi.o
        38          0         36         32          0       3899   usbd_storage_if.o
        44         12          0         21          0       2960   user_diskio.o

    ----------------------------------------------------------------------
     17088        750       2368        320       5472     656971   Object Totals
         0          0         32          0          0          0   (incl. Generated)
        34          0          2         13          5          0   (incl. Padding)

    ----------------------------------------------------------------------

      Code (inc. data)   RO Data    RW Data    ZI Data      Debug   Library Member Name

        86          0          0          0          0          0   __dczerorl2.o
         0          0          0          0          0          0   entry.o
         0          0          0          0          0          0   entry10a.o
         0          0          0          0          0          0   entry11a.o
         8          4          0          0          0          0   entry2.o
         4          0          0          0          0          0   entry5.o
         0          0          0          0          0          0   entry7b.o
         0          0          0          0          0          0   entry8b.o
         8          4          0          0          0          0   entry9a.o
        30          0          0          0          0          0   handlers.o
        36          8          0          0          0         68   init.o
        36          0          0          0          0         68   memcpya.o
        36          0          0          0          0        108   memseta.o

    ----------------------------------------------------------------------
       244         16          0          0          0        244   Library Totals
         0          0          0          0          0          0   (incl. Padding)

    ----------------------------------------------------------------------

      Code (inc. data)   RO Data    RW Data    ZI Data      Debug   Library Name

       244         16          0          0          0        244   mc_w.l

    ----------------------------------------------------------------------
       244         16          0          0          0        244   Library Totals

    ----------------------------------------------------------------------

==============================================================================


      Code (inc. data)   RO Data    RW Data    ZI Data      Debug   

     17332        766       2368        320       5472     646423   Grand Totals
     17332        766       2368        188       5472     646423   ELF Image Totals (compressed)
     17332        766       2368        188          0          0   ROM Totals

==============================================================================

    Total RO  Size (Code + RO Data)                19700 (  19.24kB)
    Total RW  Size (RW Data + ZI Data)              5792 (   5.66kB)
    Total ROM Size (Code + RO Data + RW Data)      19888 (  19.42kB)

==============================================================================

